Archive member included to satisfy reference by file (symbol)

C:/ST/STM32CubeIDE_2.0.0/STM32CubeIDE/plugins/com.st.stm32cube.ide.mcu.externaltools.gnu-tools-for-stm32.13.3.rel1.win32_1.0.100.202509120712/tools/bin/../lib/gcc/arm-none-eabi/13.3.1/../../../../arm-none-eabi/lib/thumb/v8-m.main+fp/hard\libc_nano.a(libc_a-exit.o)
                              C:/ST/STM32CubeIDE_2.0.0/STM32CubeIDE/plugins/com.st.stm32cube.ide.mcu.externaltools.gnu-tools-for-stm32.13.3.rel1.win32_1.0.100.202509120712/tools/bin/../lib/gcc/arm-none-eabi/13.3.1/../../../../arm-none-eabi/lib/thumb/v8-m.main+fp/hard/crt0.o (exit)
C:/ST/STM32CubeIDE_2.0.0/STM32CubeIDE/plugins/com.st.stm32cube.ide.mcu.externaltools.gnu-tools-for-stm32.13.3.rel1.win32_1.0.100.202509120712/tools/bin/../lib/gcc/arm-none-eabi/13.3.1/../../../../arm-none-eabi/lib/thumb/v8-m.main+fp/hard\libc_nano.a(libc_a-findfp.o)
                              C:/ST/STM32CubeIDE_2.0.0/STM32CubeIDE/plugins/com.st.stm32cube.ide.mcu.externaltools.gnu-tools-for-stm32.13.3.rel1.win32_1.0.100.202509120712/tools/bin/../lib/gcc/arm-none-eabi/13.3.1/../../../../arm-none-eabi/lib/thumb/v8-m.main+fp/hard\libc_nano.a(libc_a-exit.o) (__stdio_exit_handler)
C:/ST/STM32CubeIDE_2.0.0/STM32CubeIDE/plugins/com.st.stm32cube.ide.mcu.externaltools.gnu-tools-for-stm32.13.3.rel1.win32_1.0.100.202509120712/tools/bin/../lib/gcc/arm-none-eabi/13.3.1/../../../../arm-none-eabi/lib/thumb/v8-m.main+fp/hard\libc_nano.a(libc_a-fwalk.o)
                              C:/ST/STM32CubeIDE_2.0.0/STM32CubeIDE/plugins/com.st.stm32cube.ide.mcu.externaltools.gnu-tools-for-stm32.13.3.rel1.win32_1.0.100.202509120712/tools/bin/../lib/gcc/arm-none-eabi/13.3.1/../../../../arm-none-eabi/lib/thumb/v8-m.main+fp/hard\libc_nano.a(libc_a-findfp.o) (_fwalk_sglue)
C:/ST/STM32CubeIDE_2.0.0/STM32CubeIDE/plugins/com.st.stm32cube.ide.mcu.externaltools.gnu-tools-for-stm32.13.3.rel1.win32_1.0.100.202509120712/tools/bin/../lib/gcc/arm-none-eabi/13.3.1/../../../../arm-none-eabi/lib/thumb/v8-m.main+fp/hard\libc_nano.a(libc_a-puts.o)
                              ./Core/Src/app_freertos.o (puts)
C:/ST/STM32CubeIDE_2.0.0/STM32CubeIDE/plugins/com.st.stm32cube.ide.mcu.externaltools.gnu-tools-for-stm32.13.3.rel1.win32_1.0.100.202509120712/tools/bin/../lib/gcc/arm-none-eabi/13.3.1/../../../../arm-none-eabi/lib/thumb/v8-m.main+fp/hard\libc_nano.a(libc_a-stdio.o)
                              C:/ST/STM32CubeIDE_2.0.0/STM32CubeIDE/plugins/com.st.stm32cube.ide.mcu.externaltools.gnu-tools-for-stm32.13.3.rel1.win32_1.0.100.202509120712/tools/bin/../lib/gcc/arm-none-eabi/13.3.1/../../../../arm-none-eabi/lib/thumb/v8-m.main+fp/hard\libc_nano.a(libc_a-findfp.o) (__sread)
C:/ST/STM32CubeIDE_2.0.0/STM32CubeIDE/plugins/com.st.stm32cube.ide.mcu.externaltools.gnu-tools-for-stm32.13.3.rel1.win32_1.0.100.202509120712/tools/bin/../lib/gcc/arm-none-eabi/13.3.1/../../../../arm-none-eabi/lib/thumb/v8-m.main+fp/hard\libc_nano.a(libc_a-wbuf.o)
                              C:/ST/STM32CubeIDE_2.0.0/STM32CubeIDE/plugins/com.st.stm32cube.ide.mcu.externaltools.gnu-tools-for-stm32.13.3.rel1.win32_1.0.100.202509120712/tools/bin/../lib/gcc/arm-none-eabi/13.3.1/../../../../arm-none-eabi/lib/thumb/v8-m.main+fp/hard\libc_nano.a(libc_a-puts.o) (__swbuf_r)
C:/ST/STM32CubeIDE_2.0.0/STM32CubeIDE/plugins/com.st.stm32cube.ide.mcu.externaltools.gnu-tools-for-stm32.13.3.rel1.win32_1.0.100.202509120712/tools/bin/../lib/gcc/arm-none-eabi/13.3.1/../../../../arm-none-eabi/lib/thumb/v8-m.main+fp/hard\libc_nano.a(libc_a-wsetup.o)
                              C:/ST/STM32CubeIDE_2.0.0/STM32CubeIDE/plugins/com.st.stm32cube.ide.mcu.externaltools.gnu-tools-for-stm32.13.3.rel1.win32_1.0.100.202509120712/tools/bin/../lib/gcc/arm-none-eabi/13.3.1/../../../../arm-none-eabi/lib/thumb/v8-m.main+fp/hard\libc_nano.a(libc_a-puts.o) (__swsetup_r)
C:/ST/STM32CubeIDE_2.0.0/STM32CubeIDE/plugins/com.st.stm32cube.ide.mcu.externaltools.gnu-tools-for-stm32.13.3.rel1.win32_1.0.100.202509120712/tools/bin/../lib/gcc/arm-none-eabi/13.3.1/../../../../arm-none-eabi/lib/thumb/v8-m.main+fp/hard\libc_nano.a(libc_a-memset.o)
                              C:/ST/STM32CubeIDE_2.0.0/STM32CubeIDE/plugins/com.st.stm32cube.ide.mcu.externaltools.gnu-tools-for-stm32.13.3.rel1.win32_1.0.100.202509120712/tools/bin/../lib/gcc/arm-none-eabi/13.3.1/../../../../arm-none-eabi/lib/thumb/v8-m.main+fp/hard/crt0.o (memset)
C:/ST/STM32CubeIDE_2.0.0/STM32CubeIDE/plugins/com.st.stm32cube.ide.mcu.externaltools.gnu-tools-for-stm32.13.3.rel1.win32_1.0.100.202509120712/tools/bin/../lib/gcc/arm-none-eabi/13.3.1/../../../../arm-none-eabi/lib/thumb/v8-m.main+fp/hard\libc_nano.a(libc_a-closer.o)
                              C:/ST/STM32CubeIDE_2.0.0/STM32CubeIDE/plugins/com.st.stm32cube.ide.mcu.externaltools.gnu-tools-for-stm32.13.3.rel1.win32_1.0.100.202509120712/tools/bin/../lib/gcc/arm-none-eabi/13.3.1/../../../../arm-none-eabi/lib/thumb/v8-m.main+fp/hard\libc_nano.a(libc_a-stdio.o) (_close_r)
[...]
Memory Configuration

Name             Origin             Length             Attributes
RAM              0x20000000         0x00030000         xrw
RAM2             0x20030000         0x00010000         xrw
FLASH            0x08000000         0x00100000         xr
*default*        0x00000000         0xffffffff

Linker script and memory map

LOAD C:/ST/STM32CubeIDE_2.0.0/STM32CubeIDE/plugins/com.st.stm32cube.ide.mcu.externaltools.gnu-tools-for-stm32.13.3.rel1.win32_1.0.100.202509120712/tools/bin/../lib/gcc/arm-none-eabi/13.3.1/thumb/v8-m.main+fp/hard/crti.o
LOAD C:/ST/STM32CubeIDE_2.0.0/STM32CubeIDE/plugins/com.st.stm32cube.ide.mcu.externaltools.gnu-tools-for-stm32.13.3.rel1.win32_1.0.100.202509120712/tools/bin/../lib/gcc/arm-none-eabi/13.3.1/thumb/v8-m.main+fp/hard/crtbegin.o
LOAD C:/ST/STM32CubeIDE_2.0.0/STM32CubeIDE/plugins/com.st.stm32cube.ide.mcu.externaltools.gnu-tools-for-stm32.13.3.rel1.win32_1.0.100.202509120712/tools/bin/../lib/gcc/arm-none-eabi/13.3.1/../../../../arm-none-eabi/lib/thumb/v8-m.main+fp/hard/crt0.o
LOAD ./Core/Src/app_freertos.o
LOAD ./Core/Src/main.o
LOAD ./Core/Src/stm32u3xx_hal_msp.o
LOAD ./Core/Src/stm32u3xx_hal_timebase_tim.o
LOAD ./Core/Src/stm32u3xx_it.o
LOAD ./Core/Src/syscalls.o
LOAD ./Core/Src/sysmem.o
LOAD ./Core/Src/system_stm32u3xx.o
LOAD ./Core/Startup/startup_stm32u385rgtxq.o
LOAD ./Drivers/BSP/STM32U3xx_Nucleo/stm32u3xx_nucleo.o
LOAD ./Drivers/STM32U3xx_HAL_Driver/Src/stm32u3xx_hal.o
LOAD ./Drivers/STM32U3xx_HAL_Driver/Src/stm32u3xx_hal_cortex.o
LOAD ./Drivers/STM32U3xx_HAL_Driver/Src/stm32u3xx_hal_dma.o
LOAD ./Drivers/STM32U3xx_HAL_Driver/Src/stm32u3xx_hal_dma_ex.o
LOAD ./Drivers/STM32U3xx_HAL_Driver/Src/stm32u3xx_hal_exti.o
LOAD ./Drivers/STM32U3xx_HAL_Driver/Src/stm32u3xx_hal_flash.o
LOAD ./Drivers/STM32U3xx_HAL_Driver/Src/stm32u3xx_hal_flash_ex.o
LOAD ./Drivers/STM32U3xx_HAL_Driver/Src/stm32u3xx_hal_gpio.o
LOAD ./Drivers/STM32U3xx_HAL_Driver/Src/stm32u3xx_hal_gtzc.o
LOAD ./Drivers/STM32U3xx_HAL_Driver/Src/stm32u3xx_hal_icache.o
LOAD ./Drivers/STM32U3xx_HAL_Driver/Src/stm32u3xx_hal_pwr.o
LOAD ./Drivers/STM32U3xx_HAL_Driver/Src/stm32u3xx_hal_pwr_ex.o
LOAD ./Drivers/STM32U3xx_HAL_Driver/Src/stm32u3xx_hal_rcc.o
LOAD ./Drivers/STM32U3xx_HAL_Driver/Src/stm32u3xx_hal_rcc_ex.o
LOAD ./Drivers/STM32U3xx_HAL_Driver/Src/stm32u3xx_hal_tim.o
LOAD ./Drivers/STM32U3xx_HAL_Driver/Src/stm32u3xx_hal_tim_ex.o
LOAD ./Drivers/STM32U3xx_HAL_Driver/Src/stm32u3xx_hal_uart.o
LOAD ./Drivers/STM32U3xx_HAL_Driver/Src/stm32u3xx_hal_uart_ex.o
LOAD ./Drivers/STM32U3xx_HAL_Driver/Src/stm32u3xx_hal_usart.o
LOAD ./Drivers/STM32U3xx_HAL_Driver/Src/stm32u3xx_hal_usart_ex.o
LOAD ./Middlewares/Third_Party/FreeRTOS/Source/CMSIS_RTOS_V2/cmsis_os2.o
LOAD ./Middlewares/Third_Party/FreeRTOS/Source/croutine.o
LOAD ./Middlewares/Third_Party/FreeRTOS/Source/event_groups.o
LOAD ./Middlewares/Third_Party/FreeRTOS/Source/list.o
LOAD ./Middlewares/Third_Party/FreeRTOS/Source/queue.o
LOAD ./Middlewares/Third_Party/FreeRTOS/Source/stream_buffer.o
LOAD ./Middlewares/Third_Party/FreeRTOS/Source/tasks.o
LOAD ./Middlewares/Third_Party/FreeRTOS/Source/timers.o
LOAD ./Middlewares/Third_Party/FreeRTOS/Source/portable/GCC/ARM_CM33_NTZ/non_secure/port.o
LOAD ./Middlewares/Third_Party/FreeRTOS/Source/portable/GCC/ARM_CM33_NTZ/non_secure/portasm.o
LOAD ./Middlewares/Third_Party/FreeRTOS/Source/portable/MemMang/heap_1.o
START GROUP
LOAD C:/ST/STM32CubeIDE_2.0.0/STM32CubeIDE/plugins/com.st.stm32cube.ide.mcu.externaltools.gnu-tools-for-stm32.13.3.rel1.win32_1.0.100.202509120712/tools/bin/../lib/gcc/arm-none-eabi/13.3.1/../../../../arm-none-eabi/lib/thumb/v8-m.main+fp/hard\libc_nano.a
LOAD C:/ST/STM32CubeIDE_2.0.0/STM32CubeIDE/plugins/com.st.stm32cube.ide.mcu.externaltools.gnu-tools-for-stm32.13.3.rel1.win32_1.0.100.202509120712/tools/bin/../lib/gcc/arm-none-eabi/13.3.1/../../../../arm-none-eabi/lib/thumb/v8-m.main+fp/hard\libm.a
END GROUP
START GROUP
LOAD C:/ST/STM32CubeIDE_2.0.0/STM32CubeIDE/plugins/com.st.stm32cube.ide.mcu.externaltools.gnu-tools-for-stm32.13.3.rel1.win32_1.0.100.202509120712/tools/bin/../lib/gcc/arm-none-eabi/13.3.1/thumb/v8-m.main+fp/hard\libgcc.a
LOAD C:/ST/STM32CubeIDE_2.0.0/STM32CubeIDE/plugins/com.st.stm32cube.ide.mcu.externaltools.gnu-tools-for-stm32.13.3.rel1.win32_1.0.100.202509120712/tools/bin/../lib/gcc/arm-none-eabi/13.3.1/../../../../arm-none-eabi/lib/thumb/v8-m.main+fp/hard\libc_nano.a
END GROUP
START GROUP
LOAD C:/ST/STM32CubeIDE_2.0.0/STM32CubeIDE/plugins/com.st.stm32cube.ide.mcu.externaltools.gnu-tools-for-stm32.13.3.rel1.win32_1.0.100.202509120712/tools/bin/../lib/gcc/arm-none-eabi/13.3.1/thumb/v8-m.main+fp/hard\libgcc.a
LOAD C:/ST/STM32CubeIDE_2.0.0/STM32CubeIDE/plugins/com.st.stm32cube.ide.mcu.externaltools.gnu-tools-for-stm32.13.3.rel1.win32_1.0.100.202509120712/tools/bin/../lib/gcc/arm-none-eabi/13.3.1/../../../../arm-none-eabi/lib/thumb/v8-m.main+fp/hard\libc_nano.a
LOAD C:/ST/STM32CubeIDE_2.0.0/STM32CubeIDE/plugins/com.st.stm32cube.ide.mcu.externaltools.gnu-tools-for-stm32.13.3.rel1.win32_1.0.100.202509120712/tools/bin/../lib/gcc/arm-none-eabi/13.3.1/../../../../arm-none-eabi/lib/thumb/v8-m.main+fp/hard\libnosys.a
END GROUP
START GROUP
LOAD C:/ST/STM32CubeIDE_2.0.0/STM32CubeIDE/plugins/com.st.stm32cube.ide.mcu.externaltools.gnu-tools-for-stm32.13.3.rel1.win32_1.0.100.202509120712/tools/bin/../lib/gcc/arm-none-eabi/13.3.1/thumb/v8-m.main+fp/hard\libgcc.a
LOAD C:/ST/STM32CubeIDE_2.0.0/STM32CubeIDE/plugins/com.st.stm32cube.ide.mcu.externaltools.gnu-tools-for-stm32.13.3.rel1.win32_1.0.100.202509120712/tools/bin/../lib/gcc/arm-none-eabi/13.3.1/../../../../arm-none-eabi/lib/thumb/v8-m.main+fp/hard\libc_nano.a
LOAD C:/ST/STM32CubeIDE_2.0.0/STM32CubeIDE/plugins/com.st.stm32cube.ide.mcu.externaltools.gnu-tools-for-stm32.13.3.rel1.win32_1.0.100.202509120712/tools/bin/../lib/gcc/arm-none-eabi/13.3.1/../../../../arm-none-eabi/lib/thumb/v8-m.main+fp/hard\libnosys.a
END GROUP
LOAD C:/ST/STM32CubeIDE_2.0.0/STM32CubeIDE/plugins/com.st.stm32cube.ide.mcu.externaltools.gnu-tools-for-stm32.13.3.rel1.win32_1.0.100.202509120712/tools/bin/../lib/gcc/arm-none-eabi/13.3.1/thumb/v8-m.main+fp/hard/crtend.o
LOAD C:/ST/STM32CubeIDE_2.0.0/STM32CubeIDE/plugins/com.st.stm32cube.ide.mcu.externaltools.gnu-tools-for-stm32.13.3.rel1.win32_1.0.100.202509120712/tools/bin/../lib/gcc/arm-none-eabi/13.3.1/thumb/v8-m.main+fp/hard/crtn.o
                0x20030000                        _estack = (ORIGIN (RAM) + LENGTH (RAM))
                0x00000200                        _Min_Heap_Size = 0x200
                0x00000400                        _Min_Stack_Size = 0x400

.isr_vector     0x08000000      0x234
                0x08000000                        . = ALIGN (0x4)
 *(.isr_vector)
 .isr_vector    0x08000000      0x234 ./Core/Startup/startup_stm32u385rgtxq.o
                0x08000000                g_pfnVectors
                0x08000234                        . = ALIGN (0x4)

.text           0x08000234     0x65b4
                0x08000234                        . = ALIGN (0x4)
 *(.text)
 .text          0x08000234       0x40 C:/ST/STM32CubeIDE_2.0.0/STM32CubeIDE/plugins/com.st.stm32cube.ide.mcu.externaltools.gnu-tools-for-stm32.13.3.rel1.win32_1.0.100.202509120712/tools/bin/../lib/gcc/arm-none-eabi/13.3.1/thumb/v8-m.main+fp/hard/crtbegin.o
 .text          0x08000274       0x30 C:/ST/STM32CubeIDE_2.0.0/STM32CubeIDE/plugins/com.st.stm32cube.ide.mcu.externaltools.gnu-tools-for-stm32.13.3.rel1.win32_1.0.100.202509120712/tools/bin/../lib/gcc/arm-none-eabi/13.3.1/thumb/v8-m.main+fp/hard\libgcc.a(_aeabi_uldivmod.o)
                0x08000274                __aeabi_uldivmod
 .text          0x080002a4      0x348 C:/ST/STM32CubeIDE_2.0.0/STM32CubeIDE/plugins/com.st.stm32cube.ide.mcu.externaltools.gnu-tools-for-stm32.13.3.rel1.win32_1.0.100.202509120712/tools/bin/../lib/gcc/arm-none-eabi/13.3.1/thumb/v8-m.main+fp/hard\libgcc.a(_udivmoddi4.o)
                0x080002a4                __udivmoddi4
 .text          0x080005ec        0x4 C:/ST/STM32CubeIDE_2.0.0/STM32CubeIDE/plugins/com.st.stm32cube.ide.mcu.externaltools.gnu-tools-for-stm32.13.3.rel1.win32_1.0.100.202509120712/tools/bin/../lib/gcc/arm-none-eabi/13.3.1/thumb/v8-m.main+fp/hard\libgcc.a(_dvmd_tls.o)
                0x080005ec                __aeabi_idiv0
                0x080005ec                __aeabi_ldiv0
 *(.text*)
 .text.MX_FREERTOS_Init
                0x080005f0       0x40 ./Core/Src/app_freertos.o
                0x080005f0                MX_FREERTOS_Init
 .text.StartTask01
                0x08000630       0x48 ./Core/Src/app_freertos.o
                0x08000630                StartTask01
 .text.StartTask02
                0x08000678       0x20 ./Core/Src/app_freertos.o
                0x08000678                StartTask02
 .text.main     0x08000698       0x58 ./Core/Src/main.o
                0x08000698                main
 .text.SystemClock_Config
                0x080006f0       0xd0 ./Core/Src/main.o
                0x080006f0                SystemClock_Config
 .text.MX_GPIO_Init
                0x080007c0       0xa8 ./Core/Src/main.o
 .text.HAL_TIM_PeriodElapsedCallback
                0x08000868       0x24 ./Core/Src/main.o
                0x08000868                HAL_TIM_PeriodElapsedCallback
 .text.Error_Handler
                0x0800088c        0xc ./Core/Src/main.o
                0x0800088c                Error_Handler
 .text.HAL_MspInit
                0x08000898       0x3c ./Core/Src/stm32u3xx_hal_msp.o
                0x08000898                HAL_MspInit
 .text.HAL_InitTick
                0x080008d4       0xc8 ./Core/Src/stm32u3xx_hal_timebase_tim.o
                0x080008d4                HAL_InitTick
 .text.NMI_Handler
                0x0800099c        0x8 ./Core/Src/stm32u3xx_it.o
                0x0800099c                NMI_Handler
 .text.HardFault_Handler
                0x080009a4        0x8 ./Core/Src/stm32u3xx_it.o
                0x080009a4                HardFault_Handler
 .text.MemManage_Handler
                0x080009ac        0x8 ./Core/Src/stm32u3xx_it.o
                0x080009ac                MemManage_Handler
 .text.BusFault_Handler
                0x080009b4        0x8 ./Core/Src/stm32u3xx_it.o
                0x080009b4                BusFault_Handler
 .text.UsageFault_Handler
                0x080009bc        0x8 ./Core/Src/stm32u3xx_it.o
                0x080009bc                UsageFault_Handler
 .text.DebugMon_Handler
                0x080009c4        0xe ./Core/Src/stm32u3xx_it.o
                0x080009c4                DebugMon_Handler
 *fill*         0x080009d2        0x2 
 .text.TIM7_IRQHandler
                0x080009d4       0x14 ./Core/Src/stm32u3xx_it.o
                0x080009d4                TIM7_IRQHandler
 .text._read    0x080009e8       0x3a ./Core/Src/syscalls.o
                0x080009e8                _read
 .text._write   0x08000a22       0x38 ./Core/Src/syscalls.o
                0x08000a22                _write
 .text._close   0x08000a5a       0x18 ./Core/Src/syscalls.o
                0x08000a5a                _close
 .text._fstat   0x08000a72       0x20 ./Core/Src/syscalls.o
                0x08000a72                _fstat
 .text._isatty  0x08000a92       0x16 ./Core/Src/syscalls.o
                0x08000a92                _isatty
 .text._lseek   0x08000aa8       0x1a ./Core/Src/syscalls.o
                0x08000aa8                _lseek
 *fill*         0x08000ac2        0x2 
 .text._sbrk    0x08000ac4       0x6c ./Core/Src/sysmem.o
                0x08000ac4                _sbrk
 .text.SystemInit
                0x08000b30       0x24 ./Core/Src/system_stm32u3xx.o
                0x08000b30                SystemInit
 .text.SystemCoreClockUpdate
                0x08000b54       0xd0 ./Core/Src/system_stm32u3xx.o
                0x08000b54                SystemCoreClockUpdate
 .text.Reset_Handler
                0x08000c24       0x50 ./Core/Startup/startup_stm32u385rgtxq.o
                0x08000c24                Reset_Handler
 .text.Default_Handler
                0x08000c74        0x2 ./Core/Startup/startup_stm32u385rgtxq.o
                0x08000c74                EXTI2_IRQHandler
                0x08000c74                EXTI5_IRQHandler
                0x08000c74                I3C1_ER_IRQHandler
                0x08000c74                FLASH_S_IRQHandler
                0x08000c74                EXTI13_IRQHandler
                0x08000c74                TIM1_CC_IRQHandler
                0x08000c74                TSC_IRQHandler
                0x08000c74                TIM1_TRG_COM_DIR_IDX_IRQHandler
                0x08000c74                TAMP_IRQHandler
                0x08000c74                TIM6_IRQHandler
                0x08000c74                EXTI12_IRQHandler
                0x08000c74                EXTI3_IRQHandler
                0x08000c74                LPTIM4_IRQHandler
                0x08000c74                GPDMA1_Channel5_IRQHandler
                0x08000c74                EXTI8_IRQHandler
                0x08000c74                LPTIM2_IRQHandler
                0x08000c74                USB_FS_IRQHandler
                0x08000c74                I2C3_ER_IRQHandler
                0x08000c74                LPTIM3_IRQHandler
                0x08000c74                EXTI0_IRQHandler
                0x08000c74                I2C2_EV_IRQHandler
                0x08000c74                FPU_IRQHandler
                0x08000c74                GPDMA1_Channel3_IRQHandler
                0x08000c74                GPDMA1_Channel7_IRQHandler
                0x08000c74                FDCAN1_IT1_IRQHandler
                0x08000c74                RAMCFG_IRQHandler
                0x08000c74                PWR_S_IRQHandler
                0x08000c74                GPDMA1_Channel9_IRQHandler
                0x08000c74                SPI1_IRQHandler
                0x08000c74                OCTOSPI1_IRQHandler
                0x08000c74                GPDMA1_Channel2_IRQHandler
                0x08000c74                RCC_S_IRQHandler
                0x08000c74                ADC1_IRQHandler
                0x08000c74                PKA_IRQHandler
                0x08000c74                PWR_IRQHandler
                0x08000c74                I3C2_ER_IRQHandler
                0x08000c74                EXTI15_IRQHandler
                0x08000c74                TIM17_IRQHandler
                0x08000c74                USART3_IRQHandler
                0x08000c74                RTC_IRQHandler
                0x08000c74                EXTI9_IRQHandler
                0x08000c74                UART5_IRQHandler
                0x08000c74                TIM4_IRQHandler
                0x08000c74                I3C2_EV_IRQHandler
                0x08000c74                I2C1_EV_IRQHandler
                0x08000c74                GPDMA1_Channel1_IRQHandler
                0x08000c74                TIM16_IRQHandler
                0x08000c74                UART4_IRQHandler
                0x08000c74                SecureFault_Handler
                0x08000c74                TIM3_IRQHandler
                0x08000c74                RCC_IRQHandler
                0x08000c74                Default_Handler
                0x08000c74                GPDMA1_Channel8_IRQHandler
                0x08000c74                GPDMA1_Channel11_IRQHandler
                0x08000c74                SDMMC1_IRQHandler
                0x08000c74                SAES_IRQHandler
                0x08000c74                GPDMA1_Channel0_IRQHandler
                0x08000c74                I3C1_EV_IRQHandler
                0x08000c74                TIM15_IRQHandler
                0x08000c74                I2C3_EV_IRQHandler
                0x08000c74                PVD_PVM_IRQHandler
                0x08000c74                ADC2_IRQHandler
                0x08000c74                SPI2_IRQHandler
                0x08000c74                EXTI14_IRQHandler
                0x08000c74                EXTI11_IRQHandler
                0x08000c74                CRS_IRQHandler
                0x08000c74                EXTI4_IRQHandler
                0x08000c74                TIM1_BRK_TERR_IERR_IRQHandler
                0x08000c74                RTC_S_IRQHandler
                0x08000c74                RNG_IRQHandler
                0x08000c74                COMP_IRQHandler
                0x08000c74                TIM1_UP_IRQHandler
                0x08000c74                WWDG_IRQHandler
                0x08000c74                ADF1_IRQHandler
                0x08000c74                IWDG_IRQHandler
                0x08000c74                LPUART1_IRQHandler
                0x08000c74                FDCAN1_IT0_IRQHandler
                0x08000c74                TIM2_IRQHandler
                0x08000c74                GPDMA1_Channel4_IRQHandler
                0x08000c74                EXTI7_IRQHandler
                0x08000c74                EXTI1_IRQHandler
                0x08000c74                AES_IRQHandler
                0x08000c74                DAC1_IRQHandler
                0x08000c74                GTZC_IRQHandler
                0x08000c74                GPDMA1_Channel6_IRQHandler
                0x08000c74                I2C2_ER_IRQHandler
                0x08000c74                FLASH_IRQHandler
                0x08000c74                USART1_IRQHandler
                0x08000c74                EXTI10_IRQHandler
                0x08000c74                SPI3_IRQHandler
                0x08000c74                I2C1_ER_IRQHandler
                0x08000c74                EXTI6_IRQHandler
                0x08000c74                LPTIM1_IRQHandler
                0x08000c74                GPDMA1_Channel10_IRQHandler
                0x08000c74                ICACHE_IRQHandler
                0x08000c74                SAI1_IRQHandler
                0x08000c74                HASH_IRQHandler
 *fill*         0x08000c76        0x2 
 .text.BSP_COM_Init
                0x08000c78       0x60 ./Drivers/BSP/STM32U3xx_Nucleo/stm32u3xx_nucleo.o
                0x08000c78                BSP_COM_Init
 .text.MX_USART1_Init
                0x08000cd8       0x68 ./Drivers/BSP/STM32U3xx_Nucleo/stm32u3xx_nucleo.o
                0x08000cd8                MX_USART1_Init
 .text.__io_putchar
                0x08000d40       0x38 ./Drivers/BSP/STM32U3xx_Nucleo/stm32u3xx_nucleo.o
                0x08000d40                __io_putchar
 .text.COM1_MspInit
                0x08000d78       0xb0 ./Drivers/BSP/STM32U3xx_Nucleo/stm32u3xx_nucleo.o
 .text.HAL_Init
                0x08000e28       0x40 ./Drivers/STM32U3xx_HAL_Driver/Src/stm32u3xx_hal.o
                0x08000e28                HAL_Init
 .text.HAL_IncTick
                0x08000e68       0x28 ./Drivers/STM32U3xx_HAL_Driver/Src/stm32u3xx_hal.o
                0x08000e68                HAL_IncTick
 .text.HAL_GetTick
                0x08000e90       0x18 ./Drivers/STM32U3xx_HAL_Driver/Src/stm32u3xx_hal.o
                0x08000e90                HAL_GetTick
 .text.HAL_Delay
                0x08000ea8       0x48 ./Drivers/STM32U3xx_HAL_Driver/Src/stm32u3xx_hal.o
                0x08000ea8                HAL_Delay
 .text.__NVIC_SetPriorityGrouping
                0x08000ef0       0x48 ./Drivers/STM32U3xx_HAL_Driver/Src/stm32u3xx_hal_cortex.o
 .text.__NVIC_GetPriorityGrouping
                0x08000f38       0x1c ./Drivers/STM32U3xx_HAL_Driver/Src/stm32u3xx_hal_cortex.o
 .text.__NVIC_EnableIRQ
                0x08000f54       0x3c ./Drivers/STM32U3xx_HAL_Driver/Src/stm32u3xx_hal_cortex.o
 .text.__NVIC_SetPriority
                0x08000f90       0x54 ./Drivers/STM32U3xx_HAL_Driver/Src/stm32u3xx_hal_cortex.o
 .text.NVIC_EncodePriority
                0x08000fe4       0x66 ./Drivers/STM32U3xx_HAL_Driver/Src/stm32u3xx_hal_cortex.o
 .text.HAL_NVIC_SetPriorityGrouping
                0x0800104a       0x16 ./Drivers/STM32U3xx_HAL_Driver/Src/stm32u3xx_hal_cortex.o
                0x0800104a                HAL_NVIC_SetPriorityGrouping
 .text.HAL_NVIC_SetPriority
                0x08001060       0x34 ./Drivers/STM32U3xx_HAL_Driver/Src/stm32u3xx_hal_cortex.o
                0x08001060                HAL_NVIC_SetPriority
 .text.HAL_NVIC_EnableIRQ
                0x08001094       0x1c ./Drivers/STM32U3xx_HAL_Driver/Src/stm32u3xx_hal_cortex.o
                0x08001094                HAL_NVIC_EnableIRQ
 .text.HAL_SYSTICK_CLKSourceConfig
                0x080010b0       0xb0 ./Drivers/STM32U3xx_HAL_Driver/Src/stm32u3xx_hal_cortex.o
                0x080010b0                HAL_SYSTICK_CLKSourceConfig
 .text.HAL_GPIO_Init
                0x08001160      0x314 ./Drivers/STM32U3xx_HAL_Driver/Src/stm32u3xx_hal_gpio.o
                0x08001160                HAL_GPIO_Init
 .text.HAL_GPIO_WritePin
                0x08001474       0x30 ./Drivers/STM32U3xx_HAL_Driver/Src/stm32u3xx_hal_gpio.o
                0x08001474                HAL_GPIO_WritePin
 .text.HAL_PWREx_ControlVoltageScaling
                0x080014a4       0x7c ./Drivers/STM32U3xx_HAL_Driver/Src/stm32u3xx_hal_pwr_ex.o
                0x080014a4                HAL_PWREx_ControlVoltageScaling
 .text.HAL_PWREx_EnableEpodBooster
                0x08001520       0x58 ./Drivers/STM32U3xx_HAL_Driver/Src/stm32u3xx_hal_pwr_ex.o
                0x08001520                HAL_PWREx_EnableEpodBooster
 .text.HAL_PWREx_ConfigSupply
                0x08001578       0x98 ./Drivers/STM32U3xx_HAL_Driver/Src/stm32u3xx_hal_pwr_ex.o
                0x08001578                HAL_PWREx_ConfigSupply
 .text.HAL_RCC_OscConfig
                0x08001610      0x6ac ./Drivers/STM32U3xx_HAL_Driver/Src/stm32u3xx_hal_rcc.o
                0x08001610                HAL_RCC_OscConfig
 .text.HAL_RCC_ClockConfig
                0x08001cbc      0x1d8 ./Drivers/STM32U3xx_HAL_Driver/Src/stm32u3xx_hal_rcc.o
                0x08001cbc                HAL_RCC_ClockConfig
 .text.HAL_RCC_GetSysClockFreq
                0x08001e94       0x90 ./Drivers/STM32U3xx_HAL_Driver/Src/stm32u3xx_hal_rcc.o
                0x08001e94                HAL_RCC_GetSysClockFreq
 .text.HAL_RCC_GetHCLKFreq
                0x08001f24       0x34 ./Drivers/STM32U3xx_HAL_Driver/Src/stm32u3xx_hal_rcc.o
                0x08001f24                HAL_RCC_GetHCLKFreq
 .text.HAL_RCC_GetPCLK1Freq
                0x08001f58       0x28 ./Drivers/STM32U3xx_HAL_Driver/Src/stm32u3xx_hal_rcc.o
                0x08001f58                HAL_RCC_GetPCLK1Freq
 .text.HAL_RCC_GetPCLK2Freq
                0x08001f80       0x28 ./Drivers/STM32U3xx_HAL_Driver/Src/stm32u3xx_hal_rcc.o
                0x08001f80                HAL_RCC_GetPCLK2Freq
 .text.HAL_RCC_GetPCLK3Freq
                0x08001fa8       0x28 ./Drivers/STM32U3xx_HAL_Driver/Src/stm32u3xx_hal_rcc.o
                0x08001fa8                HAL_RCC_GetPCLK3Freq
 .text.HAL_RCC_GetMSIKFreq
                0x08001fd0       0x6c ./Drivers/STM32U3xx_HAL_Driver/Src/stm32u3xx_hal_rcc.o
                0x08001fd0                HAL_RCC_GetMSIKFreq
 .text.HAL_RCC_GetClockConfig
                0x0800203c       0x70 ./Drivers/STM32U3xx_HAL_Driver/Src/stm32u3xx_hal_rcc.o
                0x0800203c                HAL_RCC_GetClockConfig
 .text.HAL_RCCEx_GetPeriphCLKFreq
                0x080020ac      0x9b4 ./Drivers/STM32U3xx_HAL_Driver/Src/stm32u3xx_hal_rcc_ex.o
                0x080020ac                HAL_RCCEx_GetPeriphCLKFreq
 .text.HAL_RCCEx_EpodBoosterClkConfig
                0x08002a60       0x88 ./Drivers/STM32U3xx_HAL_Driver/Src/stm32u3xx_hal_rcc_ex.o
                0x08002a60                HAL_RCCEx_EpodBoosterClkConfig
 .text.HAL_TIM_Base_Init
                0x08002ae8       0xae ./Drivers/STM32U3xx_HAL_Driver/Src/stm32u3xx_hal_tim.o
                0x08002ae8                HAL_TIM_Base_Init
 .text.HAL_TIM_Base_MspInit
                0x08002b96       0x14 ./Drivers/STM32U3xx_HAL_Driver/Src/stm32u3xx_hal_tim.o
                0x08002b96                HAL_TIM_Base_MspInit
 *fill*         0x08002baa        0x2 
 .text.HAL_TIM_Base_Start_IT
                0x08002bac       0xc4 ./Drivers/STM32U3xx_HAL_Driver/Src/stm32u3xx_hal_tim.o
                0x08002bac                HAL_TIM_Base_Start_IT
 .text.HAL_TIM_IRQHandler
                0x08002c70      0x29e ./Drivers/STM32U3xx_HAL_Driver/Src/stm32u3xx_hal_tim.o
                0x08002c70                HAL_TIM_IRQHandler
 .text.HAL_TIM_OC_DelayElapsedCallback
                0x08002f0e       0x14 ./Drivers/STM32U3xx_HAL_Driver/Src/stm32u3xx_hal_tim.o
                0x08002f0e                HAL_TIM_OC_DelayElapsedCallback
 .text.HAL_TIM_IC_CaptureCallback
                0x08002f22       0x14 ./Drivers/STM32U3xx_HAL_Driver/Src/stm32u3xx_hal_tim.o
                0x08002f22                HAL_TIM_IC_CaptureCallback
 .text.HAL_TIM_PWM_PulseFinishedCallback
                0x08002f36       0x14 ./Drivers/STM32U3xx_HAL_Driver/Src/stm32u3xx_hal_tim.o
                0x08002f36                HAL_TIM_PWM_PulseFinishedCallback
 .text.HAL_TIM_TriggerCallback
                0x08002f4a       0x14 ./Drivers/STM32U3xx_HAL_Driver/Src/stm32u3xx_hal_tim.o
                0x08002f4a                HAL_TIM_TriggerCallback
 *fill*         0x08002f5e        0x2 
 .text.TIM_Base_SetConfig
                0x08002f60      0x110 ./Drivers/STM32U3xx_HAL_Driver/Src/stm32u3xx_hal_tim.o
                0x08002f60                TIM_Base_SetConfig
 .text.HAL_TIMEx_CommutCallback
                0x08003070       0x14 ./Drivers/STM32U3xx_HAL_Driver/Src/stm32u3xx_hal_tim_ex.o
                0x08003070                HAL_TIMEx_CommutCallback
 .text.HAL_TIMEx_BreakCallback
                0x08003084       0x14 ./Drivers/STM32U3xx_HAL_Driver/Src/stm32u3xx_hal_tim_ex.o
                0x08003084                HAL_TIMEx_BreakCallback
 .text.HAL_TIMEx_Break2Callback
                0x08003098       0x14 ./Drivers/STM32U3xx_HAL_Driver/Src/stm32u3xx_hal_tim_ex.o
                0x08003098                HAL_TIMEx_Break2Callback
 .text.HAL_TIMEx_EncoderIndexCallback
                0x080030ac       0x14 ./Drivers/STM32U3xx_HAL_Driver/Src/stm32u3xx_hal_tim_ex.o
                0x080030ac                HAL_TIMEx_EncoderIndexCallback
 .text.HAL_TIMEx_DirectionChangeCallback
                0x080030c0       0x14 ./Drivers/STM32U3xx_HAL_Driver/Src/stm32u3xx_hal_tim_ex.o
                0x080030c0                HAL_TIMEx_DirectionChangeCallback
 .text.HAL_TIMEx_IndexErrorCallback
                0x080030d4       0x14 ./Drivers/STM32U3xx_HAL_Driver/Src/stm32u3xx_hal_tim_ex.o
                0x080030d4                HAL_TIMEx_IndexErrorCallback
 .text.HAL_TIMEx_TransitionErrorCallback
                0x080030e8       0x14 ./Drivers/STM32U3xx_HAL_Driver/Src/stm32u3xx_hal_tim_ex.o
                0x080030e8                HAL_TIMEx_TransitionErrorCallback
 .text.HAL_UART_Init
                0x080030fc       0xa0 ./Drivers/STM32U3xx_HAL_Driver/Src/stm32u3xx_hal_uart.o
                0x080030fc                HAL_UART_Init
 .text.HAL_UART_MspInit
                0x0800319c       0x14 ./Drivers/STM32U3xx_HAL_Driver/Src/stm32u3xx_hal_uart.o
                0x0800319c                HAL_UART_MspInit
 .text.HAL_UART_Transmit
                0x080031b0      0x11c ./Drivers/STM32U3xx_HAL_Driver/Src/stm32u3xx_hal_uart.o
                0x080031b0                HAL_UART_Transmit
 .text.UART_SetConfig
                0x080032cc      0x2e8 ./Drivers/STM32U3xx_HAL_Driver/Src/stm32u3xx_hal_uart.o
                0x080032cc                UART_SetConfig
 .text.UART_AdvFeatureConfig
                0x080035b4      0x144 ./Drivers/STM32U3xx_HAL_Driver/Src/stm32u3xx_hal_uart.o
                0x080035b4                UART_AdvFeatureConfig
 .text.UART_CheckIdleState
                0x080036f8      0x154 ./Drivers/STM32U3xx_HAL_Driver/Src/stm32u3xx_hal_uart.o
                0x080036f8                UART_CheckIdleState
 .text.UART_WaitOnFlagUntilTimeout
                0x0800384c       0xda ./Drivers/STM32U3xx_HAL_Driver/Src/stm32u3xx_hal_uart.o
                0x0800384c                UART_WaitOnFlagUntilTimeout
 .text.UART_EndRxTransfer
                0x08003926       0xcc ./Drivers/STM32U3xx_HAL_Driver/Src/stm32u3xx_hal_uart.o
 *fill*         0x080039f2        0x2 
 .text.SysTick_Handler
                0x080039f4       0x20 ./Middlewares/Third_Party/FreeRTOS/Source/CMSIS_RTOS_V2/cmsis_os2.o
                0x080039f4                SysTick_Handler
 .text.IRQ_Context
                0x08003a14       0x4e ./Middlewares/Third_Party/FreeRTOS/Source/CMSIS_RTOS_V2/cmsis_os2.o
 *fill*         0x08003a62        0x2 
 .text.osKernelInitialize
                0x08003a64       0x4c ./Middlewares/Third_Party/FreeRTOS/Source/CMSIS_RTOS_V2/cmsis_os2.o
                0x08003a64                osKernelInitialize
 .text.osKernelStart
                0x08003ab0       0x50 ./Middlewares/Third_Party/FreeRTOS/Source/CMSIS_RTOS_V2/cmsis_os2.o
                0x08003ab0                osKernelStart
 .text.osThreadNew
                0x08003b00      0x124 ./Middlewares/Third_Party/FreeRTOS/Source/CMSIS_RTOS_V2/cmsis_os2.o
                0x08003b00                osThreadNew
 .text.osDelay  0x08003c24       0x34 ./Middlewares/Third_Party/FreeRTOS/Source/CMSIS_RTOS_V2/cmsis_os2.o
                0x08003c24                osDelay
 .text.vListInitialise
                0x08003c58       0x40 ./Middlewares/Third_Party/FreeRTOS/Source/list.o
                0x08003c58                vListInitialise
 .text.vListInitialiseItem
                0x08003c98       0x1a ./Middlewares/Third_Party/FreeRTOS/Source/list.o
                0x08003c98                vListInitialiseItem
 .text.vListInsert
                0x08003cb2       0x72 ./Middlewares/Third_Party/FreeRTOS/Source/list.o
                0x08003cb2                vListInsert
 .text.uxListRemove
                0x08003d24       0x54 ./Middlewares/Third_Party/FreeRTOS/Source/list.o
                0x08003d24                uxListRemove
 .text.xQueueGenericReset
                0x08003d78       0xf2 ./Middlewares/Third_Party/FreeRTOS/Source/queue.o
                0x08003d78                xQueueGenericReset
 .text.xQueueGenericCreateStatic
                0x08003e6a       0x92 ./Middlewares/Third_Party/FreeRTOS/Source/queue.o
                0x08003e6a                xQueueGenericCreateStatic
 .text.prvInitialiseNewQueue
                0x08003efc       0x46 ./Middlewares/Third_Party/FreeRTOS/Source/queue.o
 .text.xQueueReceive
                0x08003f42      0x178 ./Middlewares/Third_Party/FreeRTOS/Source/queue.o
                0x08003f42                xQueueReceive
 .text.prvCopyDataFromQueue
                0x080040ba       0x4c ./Middlewares/Third_Party/FreeRTOS/Source/queue.o
 .text.prvUnlockQueue
                0x08004106       0xa4 ./Middlewares/Third_Party/FreeRTOS/Source/queue.o
 .text.prvIsQueueEmpty
                0x080041aa       0x2c ./Middlewares/Third_Party/FreeRTOS/Source/queue.o
 *fill*         0x080041d6        0x2 
 .text.vQueueAddToRegistry
                0x080041d8       0x8c ./Middlewares/Third_Party/FreeRTOS/Source/queue.o
                0x080041d8                vQueueAddToRegistry
 .text.vQueueWaitForMessageRestricted
                0x08004264       0x68 ./Middlewares/Third_Party/FreeRTOS/Source/queue.o
                0x08004264                vQueueWaitForMessageRestricted
 .text.prvCreateStaticTask
                0x080042cc       0x92 ./Middlewares/Third_Party/FreeRTOS/Source/tasks.o
 .text.xTaskCreateStatic
                0x0800435e       0x48 ./Middlewares/Third_Party/FreeRTOS/Source/tasks.o
                0x0800435e                xTaskCreateStatic
 .text.prvCreateTask
                0x080043a6       0x80 ./Middlewares/Third_Party/FreeRTOS/Source/tasks.o
 .text.xTaskCreate
                0x08004426       0x46 ./Middlewares/Third_Party/FreeRTOS/Source/tasks.o
                0x08004426                xTaskCreate
 .text.prvInitialiseNewTask
                0x0800446c      0x104 ./Middlewares/Third_Party/FreeRTOS/Source/tasks.o
 .text.prvAddNewTaskToReadyList
                0x08004570      0x124 ./Middlewares/Third_Party/FreeRTOS/Source/tasks.o
 .text.vTaskDelay
                0x08004694       0x4c ./Middlewares/Third_Party/FreeRTOS/Source/tasks.o
                0x08004694                vTaskDelay
 .text.prvCreateIdleTasks
                0x080046e0       0xec ./Middlewares/Third_Party/FreeRTOS/Source/tasks.o
 .text.vTaskStartScheduler
                0x080047cc       0x68 ./Middlewares/Third_Party/FreeRTOS/Source/tasks.o
                0x080047cc                vTaskStartScheduler
 .text.vTaskSuspendAll
                0x08004834       0x1c ./Middlewares/Third_Party/FreeRTOS/Source/tasks.o
                0x08004834                vTaskSuspendAll
 .text.xTaskResumeAll
                0x08004850      0x1f4 ./Middlewares/Third_Party/FreeRTOS/Source/tasks.o
                0x08004850                xTaskResumeAll
 .text.xTaskGetTickCount
                0x08004a44       0x20 ./Middlewares/Third_Party/FreeRTOS/Source/tasks.o
                0x08004a44                xTaskGetTickCount
 .text.xTaskIncrementTick
                0x08004a64      0x224 ./Middlewares/Third_Party/FreeRTOS/Source/tasks.o
                0x08004a64                xTaskIncrementTick
 .text.vTaskSwitchContext
                0x08004c88       0xac ./Middlewares/Third_Party/FreeRTOS/Source/tasks.o
                0x08004c88                vTaskSwitchContext
 .text.vTaskPlaceOnEventList
                0x08004d34       0x3c ./Middlewares/Third_Party/FreeRTOS/Source/tasks.o
                0x08004d34                vTaskPlaceOnEventList
 .text.vTaskPlaceOnEventListRestricted
                0x08004d70       0x7c ./Middlewares/Third_Party/FreeRTOS/Source/tasks.o
                0x08004d70                vTaskPlaceOnEventListRestricted
 .text.xTaskRemoveFromEventList
                0x08004dec      0x1a0 ./Middlewares/Third_Party/FreeRTOS/Source/tasks.o
                0x08004dec                xTaskRemoveFromEventList
 .text.vTaskInternalSetTimeOutState
                0x08004f8c       0x2c ./Middlewares/Third_Party/FreeRTOS/Source/tasks.o
                0x08004f8c                vTaskInternalSetTimeOutState
 .text.xTaskCheckForTimeOut
                0x08004fb8       0xd0 ./Middlewares/Third_Party/FreeRTOS/Source/tasks.o
                0x08004fb8                xTaskCheckForTimeOut
 .text.vTaskMissedYield
                0x08005088       0x18 ./Middlewares/Third_Party/FreeRTOS/Source/tasks.o
                0x08005088                vTaskMissedYield
 .text.prvIdleTask
                0x080050a0       0x20 ./Middlewares/Third_Party/FreeRTOS/Source/tasks.o
 .text.prvInitialiseTaskLists
                0x080050c0       0x80 ./Middlewares/Third_Party/FreeRTOS/Source/tasks.o
 .text.prvCheckTasksWaitingTermination
                0x08005140       0x5c ./Middlewares/Third_Party/FreeRTOS/Source/tasks.o
 .text.prvDeleteTCB
                0x0800519c       0x50 ./Middlewares/Third_Party/FreeRTOS/Source/tasks.o
 .text.prvResetNextTaskUnblockTime
                0x080051ec       0x38 ./Middlewares/Third_Party/FreeRTOS/Source/tasks.o
 .text.xTaskGetSchedulerState
                0x08005224       0x3c ./Middlewares/Third_Party/FreeRTOS/Source/tasks.o
                0x08005224                xTaskGetSchedulerState
 .text.prvAddCurrentTaskToDelayedList
                0x08005260       0xec ./Middlewares/Third_Party/FreeRTOS/Source/tasks.o
 .text.vApplicationGetIdleTaskMemory
                0x0800534c       0x34 ./Middlewares/Third_Party/FreeRTOS/Source/tasks.o
                0x0800534c                vApplicationGetIdleTaskMemory
 .text.vApplicationGetTimerTaskMemory
                0x08005380       0x34 ./Middlewares/Third_Party/FreeRTOS/Source/tasks.o
                0x08005380                vApplicationGetTimerTaskMemory
 .text.xTimerCreateTimerTask
                0x080053b4       0x80 ./Middlewares/Third_Party/FreeRTOS/Source/timers.o
                0x080053b4                xTimerCreateTimerTask
 .text.prvReloadTimer
                0x08005434       0x42 ./Middlewares/Third_Party/FreeRTOS/Source/timers.o
 *fill*         0x08005476        0x2 
 .text.prvProcessExpiredTimer
                0x08005478       0x60 ./Middlewares/Third_Party/FreeRTOS/Source/timers.o
 .text.prvTimerTask
                0x080054d8       0x26 ./Middlewares/Third_Party/FreeRTOS/Source/timers.o
 *fill*         0x080054fe        0x2 
 .text.prvProcessTimerOrBlockTask
                0x08005500       0x8c ./Middlewares/Third_Party/FreeRTOS/Source/timers.o
 .text.prvGetNextExpireTime
                0x0800558c       0x48 ./Middlewares/Third_Party/FreeRTOS/Source/timers.o
 .text.prvSampleTimeNow
                0x080055d4       0x40 ./Middlewares/Third_Party/FreeRTOS/Source/timers.o
 .text.prvInsertTimerInActiveList
                0x08005614       0x84 ./Middlewares/Third_Party/FreeRTOS/Source/timers.o
 .text.prvProcessReceivedCommands
                0x08005698      0x1b0 ./Middlewares/Third_Party/FreeRTOS/Source/timers.o
 .text.prvSwitchTimerLists
                0x08005848       0x4c ./Middlewares/Third_Party/FreeRTOS/Source/timers.o
 .text.prvCheckForValidListAndQueue
                0x08005894       0x80 ./Middlewares/Third_Party/FreeRTOS/Source/timers.o
 .text.vPortSetupTimerInterrupt
                0x08005914       0x48 ./Middlewares/Third_Party/FreeRTOS/Source/portable/GCC/ARM_CM33_NTZ/non_secure/port.o
                0x08005914                vPortSetupTimerInterrupt
 .text.prvTaskExitError
                0x0800595c       0x38 ./Middlewares/Third_Party/FreeRTOS/Source/portable/GCC/ARM_CM33_NTZ/non_secure/port.o
 .text.vPortYield
                0x08005994       0x24 ./Middlewares/Third_Party/FreeRTOS/Source/portable/GCC/ARM_CM33_NTZ/non_secure/port.o
                0x08005994                vPortYield
 .text.vPortEnterCritical
                0x080059b8       0x24 ./Middlewares/Third_Party/FreeRTOS/Source/portable/GCC/ARM_CM33_NTZ/non_secure/port.o
                0x080059b8                vPortEnterCritical
 .text.vPortExitCritical
                0x080059dc       0x34 ./Middlewares/Third_Party/FreeRTOS/Source/portable/GCC/ARM_CM33_NTZ/non_secure/port.o
                0x080059dc                vPortExitCritical
 .text.xPortSysTickHandler
                0x08005a10       0x30 ./Middlewares/Third_Party/FreeRTOS/Source/portable/GCC/ARM_CM33_NTZ/non_secure/port.o
                0x08005a10                xPortSysTickHandler
 .text.vPortSVCHandler_C
                0x08005a40       0x32 ./Middlewares/Third_Party/FreeRTOS/Source/portable/GCC/ARM_CM33_NTZ/non_secure/port.o
                0x08005a40                vPortSVCHandler_C
 *fill*         0x08005a72        0x2 
 .text.pxPortInitialiseStack
                0x08005a74      0x114 ./Middlewares/Third_Party/FreeRTOS/Source/portable/GCC/ARM_CM33_NTZ/non_secure/port.o
                0x08005a74                pxPortInitialiseStack
 .text.xPortStartScheduler
                0x08005b88      0x12c ./Middlewares/Third_Party/FreeRTOS/Source/portable/GCC/ARM_CM33_NTZ/non_secure/port.o
                0x08005b88                xPortStartScheduler
 .text.vRestoreContextOfFirstTask
                0x08005cb4       0x34 ./Middlewares/Third_Party/FreeRTOS/Source/portable/GCC/ARM_CM33_NTZ/non_secure/portasm.o
                0x08005cb4                vRestoreContextOfFirstTask
 .text.vStartFirstTask
                0x08005ce8       0x20 ./Middlewares/Third_Party/FreeRTOS/Source/portable/GCC/ARM_CM33_NTZ/non_secure/portasm.o
                0x08005ce8                vStartFirstTask
 .text.ulSetInterruptMask
                0x08005d08       0x1a ./Middlewares/Third_Party/FreeRTOS/Source/portable/GCC/ARM_CM33_NTZ/non_secure/portasm.o
                0x08005d08                ulSetInterruptMask
 .text.vClearInterruptMask
                0x08005d22       0x10 ./Middlewares/Third_Party/FreeRTOS/Source/portable/GCC/ARM_CM33_NTZ/non_secure/portasm.o
                0x08005d22                vClearInterruptMask
 *fill*         0x08005d32        0x2 
 .text.PendSV_Handler
                0x08005d34       0x4c ./Middlewares/Third_Party/FreeRTOS/Source/portable/GCC/ARM_CM33_NTZ/non_secure/portasm.o
                0x08005d34                PendSV_Handler
 .text.SVC_Handler
                0x08005d80       0x18 ./Middlewares/Third_Party/FreeRTOS/Source/portable/GCC/ARM_CM33_NTZ/non_secure/portasm.o
                0x08005d80                SVC_Handler
 .text.pvPortMalloc
                0x08005d98       0xa8 ./Middlewares/Third_Party/FreeRTOS/Source/portable/MemMang/heap_1.o
                0x08005d98                pvPortMalloc
 .text.vPortFree
                0x08005e40       0x1e ./Middlewares/Third_Party/FreeRTOS/Source/portable/MemMang/heap_1.o
                0x08005e40                vPortFree
 *fill*         0x08005e5e        0x2 
 .text.std      0x08005e60       0x6c C:/ST/STM32CubeIDE_2.0.0/STM32CubeIDE/plugins/com.st.stm32cube.ide.mcu.externaltools.gnu-tools-for-stm32.13.3.rel1.win32_1.0.100.202509120712/tools/bin/../lib/gcc/arm-none-eabi/13.3.1/../../../../arm-none-eabi/lib/thumb/v8-m.main+fp/hard\libc_nano.a(libc_a-findfp.o)
 .text.stdio_exit_handler
                0x08005ecc       0x18 C:/ST/STM32CubeIDE_2.0.0/STM32CubeIDE/plugins/com.st.stm32cube.ide.mcu.externaltools.gnu-tools-for-stm32.13.3.rel1.win32_1.0.100.202509120712/tools/bin/../lib/gcc/arm-none-eabi/13.3.1/../../../../arm-none-eabi/lib/thumb/v8-m.main+fp/hard\libc_nano.a(libc_a-findfp.o)
 .text.cleanup_stdio
                0x08005ee4       0x40 C:/ST/STM32CubeIDE_2.0.0/STM32CubeIDE/plugins/com.st.stm32cube.ide.mcu.externaltools.gnu-tools-for-stm32.13.3.rel1.win32_1.0.100.202509120712/tools/bin/../lib/gcc/arm-none-eabi/13.3.1/../../../../arm-none-eabi/lib/thumb/v8-m.main+fp/hard\libc_nano.a(libc_a-findfp.o)
 .text.global_stdio_init.part.0
                0x08005f24       0x3c C:/ST/STM32CubeIDE_2.0.0/STM32CubeIDE/plugins/com.st.stm32cube.ide.mcu.externaltools.gnu-tools-for-stm32.13.3.rel1.win32_1.0.100.202509120712/tools/bin/../lib/gcc/arm-none-eabi/13.3.1/../../../../arm-none-eabi/lib/thumb/v8-m.main+fp/hard\libc_nano.a(libc_a-findfp.o)
 .text.__sfp_lock_acquire
                0x08005f60        0xc C:/ST/STM32CubeIDE_2.0.0/STM32CubeIDE/plugins/com.st.stm32cube.ide.mcu.externaltools.gnu-tools-for-stm32.13.3.rel1.win32_1.0.100.202509120712/tools/bin/../lib/gcc/arm-none-eabi/13.3.1/../../../../arm-none-eabi/lib/thumb/v8-m.main+fp/hard\libc_nano.a(libc_a-findfp.o)
                0x08005f60                __sfp_lock_acquire
 .text.__sfp_lock_release
                0x08005f6c        0xc C:/ST/STM32CubeIDE_2.0.0/STM32CubeIDE/plugins/com.st.stm32cube.ide.mcu.externaltools.gnu-tools-for-stm32.13.3.rel1.win32_1.0.100.202509120712/tools/bin/../lib/gcc/arm-none-eabi/13.3.1/../../../../arm-none-eabi/lib/thumb/v8-m.main+fp/hard\libc_nano.a(libc_a-findfp.o)
                0x08005f6c                __sfp_lock_release
 .text.__sinit  0x08005f78       0x30 C:/ST/STM32CubeIDE_2.0.0/STM32CubeIDE/plugins/com.st.stm32cube.ide.mcu.externaltools.gnu-tools-for-stm32.13.3.rel1.win32_1.0.100.202509120712/tools/bin/../lib/gcc/arm-none-eabi/13.3.1/../../../../arm-none-eabi/lib/thumb/v8-m.main+fp/hard\libc_nano.a(libc_a-findfp.o)
                0x08005f78                __sinit
 .text._fwalk_sglue
                0x08005fa8       0x3c C:/ST/STM32CubeIDE_2.0.0/STM32CubeIDE/plugins/com.st.stm32cube.ide.mcu.externaltools.gnu-tools-for-stm32.13.3.rel1.win32_1.0.100.202509120712/tools/bin/../lib/gcc/arm-none-eabi/13.3.1/../../../../arm-none-eabi/lib/thumb/v8-m.main+fp/hard\libc_nano.a(libc_a-fwalk.o)
                0x08005fa8                _fwalk_sglue
 .text._puts_r  0x08005fe4       0xaa C:/ST/STM32CubeIDE_2.0.0/STM32CubeIDE/plugins/com.st.stm32cube.ide.mcu.externaltools.gnu-tools-for-stm32.13.3.rel1.win32_1.0.100.202509120712/tools/bin/../lib/gcc/arm-none-eabi/13.3.1/../../../../arm-none-eabi/lib/thumb/v8-m.main+fp/hard\libc_nano.a(libc_a-puts.o)
                0x08005fe4                _puts_r
 *fill*         0x0800608e        0x2 
 .text.puts     0x08006090       0x10 C:/ST/STM32CubeIDE_2.0.0/STM32CubeIDE/plugins/com.st.stm32cube.ide.mcu.externaltools.gnu-tools-for-stm32.13.3.rel1.win32_1.0.100.202509120712/tools/bin/../lib/gcc/arm-none-eabi/13.3.1/../../../../arm-none-eabi/lib/thumb/v8-m.main+fp/hard\libc_nano.a(libc_a-puts.o)
                0x08006090                puts
 .text.__sread  0x080060a0       0x22 C:/ST/STM32CubeIDE_2.0.0/STM32CubeIDE/plugins/com.st.stm32cube.ide.mcu.externaltools.gnu-tools-for-stm32.13.3.rel1.win32_1.0.100.202509120712/tools/bin/../lib/gcc/arm-none-eabi/13.3.1/../../../../arm-none-eabi/lib/thumb/v8-m.main+fp/hard\libc_nano.a(libc_a-stdio.o)
                0x080060a0                __sread
 .text.__swrite
                0x080060c2       0x38 C:/ST/STM32CubeIDE_2.0.0/STM32CubeIDE/plugins/com.st.stm32cube.ide.mcu.externaltools.gnu-tools-for-stm32.13.3.rel1.win32_1.0.100.202509120712/tools/bin/../lib/gcc/arm-none-eabi/13.3.1/../../../../arm-none-eabi/lib/thumb/v8-m.main+fp/hard\libc_nano.a(libc_a-stdio.o)
                0x080060c2                __swrite
 .text.__sseek  0x080060fa       0x24 C:/ST/STM32CubeIDE_2.0.0/STM32CubeIDE/plugins/com.st.stm32cube.ide.mcu.externaltools.gnu-tools-for-stm32.13.3.rel1.win32_1.0.100.202509120712/tools/bin/../lib/gcc/arm-none-eabi/13.3.1/../../../../arm-none-eabi/lib/thumb/v8-m.main+fp/hard\libc_nano.a(libc_a-stdio.o)
                0x080060fa                __sseek
 .text.__sclose
                0x0800611e        0x8 C:/ST/STM32CubeIDE_2.0.0/STM32CubeIDE/plugins/com.st.stm32cube.ide.mcu.externaltools.gnu-tools-for-stm32.13.3.rel1.win32_1.0.100.202509120712/tools/bin/../lib/gcc/arm-none-eabi/13.3.1/../../../../arm-none-eabi/lib/thumb/v8-m.main+fp/hard\libc_nano.a(libc_a-stdio.o)
                0x0800611e                __sclose
 .text.__swbuf_r
                0x08006126       0x7c C:/ST/STM32CubeIDE_2.0.0/STM32CubeIDE/plugins/com.st.stm32cube.ide.mcu.externaltools.gnu-tools-for-stm32.13.3.rel1.win32_1.0.100.202509120712/tools/bin/../lib/gcc/arm-none-eabi/13.3.1/../../../../arm-none-eabi/lib/thumb/v8-m.main+fp/hard\libc_nano.a(libc_a-wbuf.o)
                0x08006126                __swbuf_r
 *fill*         0x080061a2        0x2 
 .text.__swsetup_r
                0x080061a4       0xac C:/ST/STM32CubeIDE_2.0.0/STM32CubeIDE/plugins/com.st.stm32cube.ide.mcu.externaltools.gnu-tools-for-stm32.13.3.rel1.win32_1.0.100.202509120712/tools/bin/../lib/gcc/arm-none-eabi/13.3.1/../../../../arm-none-eabi/lib/thumb/v8-m.main+fp/hard\libc_nano.a(libc_a-wsetup.o)
                0x080061a4                __swsetup_r
 .text.memset   0x08006250       0x10 C:/ST/STM32CubeIDE_2.0.0/STM32CubeIDE/plugins/com.st.stm32cube.ide.mcu.externaltools.gnu-tools-for-stm32.13.3.rel1.win32_1.0.100.202509120712/tools/bin/../lib/gcc/arm-none-eabi/13.3.1/../../../../arm-none-eabi/lib/thumb/v8-m.main+fp/hard\libc_nano.a(libc_a-memset.o)
                0x08006250                memset
 .text._close_r
                0x08006260       0x20 C:/ST/STM32CubeIDE_2.0.0/STM32CubeIDE/plugins/com.st.stm32cube.ide.mcu.externaltools.gnu-tools-for-stm32.13.3.rel1.win32_1.0.100.202509120712/tools/bin/../lib/gcc/arm-none-eabi/13.3.1/../../../../arm-none-eabi/lib/thumb/v8-m.main+fp/hard\libc_nano.a(libc_a-closer.o)
                0x08006260                _close_r
 .text._lseek_r
                0x08006280       0x24 C:/ST/STM32CubeIDE_2.0.0/STM32CubeIDE/plugins/com.st.stm32cube.ide.mcu.externaltools.gnu-tools-for-stm32.13.3.rel1.win32_1.0.100.202509120712/tools/bin/../lib/gcc/arm-none-eabi/13.3.1/../../../../arm-none-eabi/lib/thumb/v8-m.main+fp/hard\libc_nano.a(libc_a-lseekr.o)
                0x08006280                _lseek_r
 .text._read_r  0x080062a4       0x24 C:/ST/STM32CubeIDE_2.0.0/STM32CubeIDE/plugins/com.st.stm32cube.ide.mcu.externaltools.gnu-tools-for-stm32.13.3.rel1.win32_1.0.100.202509120712/tools/bin/../lib/gcc/arm-none-eabi/13.3.1/../../../../arm-none-eabi/lib/thumb/v8-m.main+fp/hard\libc_nano.a(libc_a-readr.o)
                0x080062a4                _read_r
 .text._write_r
                0x080062c8       0x24 C:/ST/STM32CubeIDE_2.0.0/STM32CubeIDE/plugins/com.st.stm32cube.ide.mcu.externaltools.gnu-tools-for-stm32.13.3.rel1.win32_1.0.100.202509120712/tools/bin/../lib/gcc/arm-none-eabi/13.3.1/../../../../arm-none-eabi/lib/thumb/v8-m.main+fp/hard\libc_nano.a(libc_a-writer.o)
                0x080062c8                _write_r
 .text.__errno  0x080062ec        0xc C:/ST/STM32CubeIDE_2.0.0/STM32CubeIDE/plugins/com.st.stm32cube.ide.mcu.externaltools.gnu-tools-for-stm32.13.3.rel1.win32_1.0.100.202509120712/tools/bin/../lib/gcc/arm-none-eabi/13.3.1/../../../../arm-none-eabi/lib/thumb/v8-m.main+fp/hard\libc_nano.a(libc_a-errno.o)
                0x080062ec                __errno
 .text.__libc_init_array
                0x080062f8       0x48 C:/ST/STM32CubeIDE_2.0.0/STM32CubeIDE/plugins/com.st.stm32cube.ide.mcu.externaltools.gnu-tools-for-stm32.13.3.rel1.win32_1.0.100.202509120712/tools/bin/../lib/gcc/arm-none-eabi/13.3.1/../../../../arm-none-eabi/lib/thumb/v8-m.main+fp/hard\libc_nano.a(libc_a-init.o)
                0x080062f8                __libc_init_array
 .text.__retarget_lock_init_recursive
                0x08006340        0x2 C:/ST/STM32CubeIDE_2.0.0/STM32CubeIDE/plugins/com.st.stm32cube.ide.mcu.externaltools.gnu-tools-for-stm32.13.3.rel1.win32_1.0.100.202509120712/tools/bin/../lib/gcc/arm-none-eabi/13.3.1/../../../../arm-none-eabi/lib/thumb/v8-m.main+fp/hard\libc_nano.a(libc_a-lock.o)
                0x08006340                __retarget_lock_init_recursive
 .text.__retarget_lock_acquire_recursive
                0x08006342        0x2 C:/ST/STM32CubeIDE_2.0.0/STM32CubeIDE/plugins/com.st.stm32cube.ide.mcu.externaltools.gnu-tools-for-stm32.13.3.rel1.win32_1.0.100.202509120712/tools/bin/../lib/gcc/arm-none-eabi/13.3.1/../../../../arm-none-eabi/lib/thumb/v8-m.main+fp/hard\libc_nano.a(libc_a-lock.o)
                0x08006342                __retarget_lock_acquire_recursive
 .text.__retarget_lock_release_recursive
                0x08006344        0x2 C:/ST/STM32CubeIDE_2.0.0/STM32CubeIDE/plugins/com.st.stm32cube.ide.mcu.externaltools.gnu-tools-for-stm32.13.3.rel1.win32_1.0.100.202509120712/tools/bin/../lib/gcc/arm-none-eabi/13.3.1/../../../../arm-none-eabi/lib/thumb/v8-m.main+fp/hard\libc_nano.a(libc_a-lock.o)
                0x08006344                __retarget_lock_release_recursive
 .text.memcpy   0x08006346       0x1a C:/ST/STM32CubeIDE_2.0.0/STM32CubeIDE/plugins/com.st.stm32cube.ide.mcu.externaltools.gnu-tools-for-stm32.13.3.rel1.win32_1.0.100.202509120712/tools/bin/../lib/gcc/arm-none-eabi/13.3.1/../../../../arm-none-eabi/lib/thumb/v8-m.main+fp/hard\libc_nano.a(libc_a-memcpy-stub.o)
                0x08006346                memcpy
 .text._free_r  0x08006360       0x94 C:/ST/STM32CubeIDE_2.0.0/STM32CubeIDE/plugins/com.st.stm32cube.ide.mcu.externaltools.gnu-tools-for-stm32.13.3.rel1.win32_1.0.100.202509120712/tools/bin/../lib/gcc/arm-none-eabi/13.3.1/../../../../arm-none-eabi/lib/thumb/v8-m.main+fp/hard\libc_nano.a(libc_a-freer.o)
                0x08006360                _free_r
 .text.sbrk_aligned
                0x080063f4       0x44 C:/ST/STM32CubeIDE_2.0.0/STM32CubeIDE/plugins/com.st.stm32cube.ide.mcu.externaltools.gnu-tools-for-stm32.13.3.rel1.win32_1.0.100.202509120712/tools/bin/../lib/gcc/arm-none-eabi/13.3.1/../../../../arm-none-eabi/lib/thumb/v8-m.main+fp/hard\libc_nano.a(libc_a-mallocr.o)
 .text._malloc_r
                0x08006438      0x100 C:/ST/STM32CubeIDE_2.0.0/STM32CubeIDE/plugins/com.st.stm32cube.ide.mcu.externaltools.gnu-tools-for-stm32.13.3.rel1.win32_1.0.100.202509120712/tools/bin/../lib/gcc/arm-none-eabi/13.3.1/../../../../arm-none-eabi/lib/thumb/v8-m.main+fp/hard\libc_nano.a(libc_a-mallocr.o)
                0x08006438                _malloc_r
 .text.__malloc_lock
                0x08006538        0xc C:/ST/STM32CubeIDE_2.0.0/STM32CubeIDE/plugins/com.st.stm32cube.ide.mcu.externaltools.gnu-tools-for-stm32.13.3.rel1.win32_1.0.100.202509120712/tools/bin/../lib/gcc/arm-none-eabi/13.3.1/../../../../arm-none-eabi/lib/thumb/v8-m.main+fp/hard\libc_nano.a(libc_a-mlock.o)
                0x08006538                __malloc_lock
 .text.__malloc_unlock
                0x08006544        0xc C:/ST/STM32CubeIDE_2.0.0/STM32CubeIDE/plugins/com.st.stm32cube.ide.mcu.externaltools.gnu-tools-for-stm32.13.3.rel1.win32_1.0.100.202509120712/tools/bin/../lib/gcc/arm-none-eabi/13.3.1/../../../../arm-none-eabi/lib/thumb/v8-m.main+fp/hard\libc_nano.a(libc_a-mlock.o)
                0x08006544                __malloc_unlock
 .text.__sflush_r
                0x08006550      0x108 C:/ST/STM32CubeIDE_2.0.0/STM32CubeIDE/plugins/com.st.stm32cube.ide.mcu.externaltools.gnu-tools-for-stm32.13.3.rel1.win32_1.0.100.202509120712/tools/bin/../lib/gcc/arm-none-eabi/13.3.1/../../../../arm-none-eabi/lib/thumb/v8-m.main+fp/hard\libc_nano.a(libc_a-fflush.o)
                0x08006550                __sflush_r
 .text._fflush_r
                0x08006658       0x50 C:/ST/STM32CubeIDE_2.0.0/STM32CubeIDE/plugins/com.st.stm32cube.ide.mcu.externaltools.gnu-tools-for-stm32.13.3.rel1.win32_1.0.100.202509120712/tools/bin/../lib/gcc/arm-none-eabi/13.3.1/../../../../arm-none-eabi/lib/thumb/v8-m.main+fp/hard\libc_nano.a(libc_a-fflush.o)
                0x08006658                _fflush_r
 .text.__swhatbuf_r
                0x080066a8       0x4a C:/ST/STM32CubeIDE_2.0.0/STM32CubeIDE/plugins/com.st.stm32cube.ide.mcu.externaltools.gnu-tools-for-stm32.13.3.rel1.win32_1.0.100.202509120712/tools/bin/../lib/gcc/arm-none-eabi/13.3.1/../../../../arm-none-eabi/lib/thumb/v8-m.main+fp/hard\libc_nano.a(libc_a-makebuf.o)
                0x080066a8                __swhatbuf_r
 .text.__smakebuf_r
                0x080066f2       0x78 C:/ST/STM32CubeIDE_2.0.0/STM32CubeIDE/plugins/com.st.stm32cube.ide.mcu.externaltools.gnu-tools-for-stm32.13.3.rel1.win32_1.0.100.202509120712/tools/bin/../lib/gcc/arm-none-eabi/13.3.1/../../../../arm-none-eabi/lib/thumb/v8-m.main+fp/hard\libc_nano.a(libc_a-makebuf.o)
                0x080066f2                __smakebuf_r
 *fill*         0x0800676a        0x2 
 .text._fstat_r
                0x0800676c       0x24 C:/ST/STM32CubeIDE_2.0.0/STM32CubeIDE/plugins/com.st.stm32cube.ide.mcu.externaltools.gnu-tools-for-stm32.13.3.rel1.win32_1.0.100.202509120712/tools/bin/../lib/gcc/arm-none-eabi/13.3.1/../../../../arm-none-eabi/lib/thumb/v8-m.main+fp/hard\libc_nano.a(libc_a-fstatr.o)
                0x0800676c                _fstat_r
 .text._isatty_r
                0x08006790       0x20 C:/ST/STM32CubeIDE_2.0.0/STM32CubeIDE/plugins/com.st.stm32cube.ide.mcu.externaltools.gnu-tools-for-stm32.13.3.rel1.win32_1.0.100.202509120712/tools/bin/../lib/gcc/arm-none-eabi/13.3.1/../../../../arm-none-eabi/lib/thumb/v8-m.main+fp/hard\libc_nano.a(libc_a-isattyr.o)
                0x08006790                _isatty_r
 .text._sbrk_r  0x080067b0       0x20 C:/ST/STM32CubeIDE_2.0.0/STM32CubeIDE/plugins/com.st.stm32cube.ide.mcu.externaltools.gnu-tools-for-stm32.13.3.rel1.win32_1.0.100.202509120712/tools/bin/../lib/gcc/arm-none-eabi/13.3.1/../../../../arm-none-eabi/lib/thumb/v8-m.main+fp/hard\libc_nano.a(libc_a-sbrkr.o)
                0x080067b0                _sbrk_r
 *(.glue_7)
 .glue_7        0x080067d0        0x0 linker stubs
 *(.glue_7t)
 .glue_7t       0x080067d0        0x0 linker stubs
 *(.eh_frame)
 .eh_frame      0x080067d0        0x0 C:/ST/STM32CubeIDE_2.0.0/STM32CubeIDE/plugins/com.st.stm32cube.ide.mcu.externaltools.gnu-tools-for-stm32.13.3.rel1.win32_1.0.100.202509120712/tools/bin/../lib/gcc/arm-none-eabi/13.3.1/thumb/v8-m.main+fp/hard/crtbegin.o
 *(.init)
 .init          0x080067d0        0x4 C:/ST/STM32CubeIDE_2.0.0/STM32CubeIDE/plugins/com.st.stm32cube.ide.mcu.externaltools.gnu-tools-for-stm32.13.3.rel1.win32_1.0.100.202509120712/tools/bin/../lib/gcc/arm-none-eabi/13.3.1/thumb/v8-m.main+fp/hard/crti.o
                0x080067d0                _init
 .init          0x080067d4        0x8 C:/ST/STM32CubeIDE_2.0.0/STM32CubeIDE/plugins/com.st.stm32cube.ide.mcu.externaltools.gnu-tools-for-stm32.13.3.rel1.win32_1.0.100.202509120712/tools/bin/../lib/gcc/arm-none-eabi/13.3.1/thumb/v8-m.main+fp/hard/crtn.o
 *(.fini)
 .fini          0x080067dc        0x4 C:/ST/STM32CubeIDE_2.0.0/STM32CubeIDE/plugins/com.st.stm32cube.ide.mcu.externaltools.gnu-tools-for-stm32.13.3.rel1.win32_1.0.100.202509120712/tools/bin/../lib/gcc/arm-none-eabi/13.3.1/thumb/v8-m.main+fp/hard/crti.o
                0x080067dc                _fini
 .fini          0x080067e0        0x8 C:/ST/STM32CubeIDE_2.0.0/STM32CubeIDE/plugins/com.st.stm32cube.ide.mcu.externaltools.gnu-tools-for-stm32.13.3.rel1.win32_1.0.100.202509120712/tools/bin/../lib/gcc/arm-none-eabi/13.3.1/thumb/v8-m.main+fp/hard/crtn.o
                0x080067e8                        . = ALIGN (0x4)
                0x080067e8                        _etext = .

.vfp11_veneer   0x080067e8        0x0
 .vfp11_veneer  0x080067e8        0x0 linker stubs

.v4_bx          0x080067e8        0x0
 .v4_bx         0x080067e8        0x0 linker stubs

.iplt           0x080067e8        0x0
 .iplt          0x080067e8        0x0 C:/ST/STM32CubeIDE_2.0.0/STM32CubeIDE/plugins/com.st.stm32cube.ide.mcu.externaltools.gnu-tools-for-stm32.13.3.rel1.win32_1.0.100.202509120712/tools/bin/../lib/gcc/arm-none-eabi/13.3.1/thumb/v8-m.main+fp/hard/crtbegin.o

.rodata         0x080067e8       0xe8
                0x080067e8                        . = ALIGN (0x4)
 *(.rodata)
 .rodata        0x080067e8       0x51 ./Core/Src/app_freertos.o
 *fill*         0x08006839        0x3 
 .rodata        0x0800683c        0x5 ./Middlewares/Third_Party/FreeRTOS/Source/tasks.o
 *fill*         0x08006841        0x3 
 .rodata        0x08006844        0xd ./Middlewares/Third_Party/FreeRTOS/Source/timers.o
 *(.rodata*)
 *fill*         0x08006851        0x3 
 .rodata.blink_task_attributes
                0x08006854       0x24 ./Core/Src/app_freertos.o
                0x08006854                blink_task_attributes
 .rodata.hello_task_attributes
                0x08006878       0x24 ./Core/Src/app_freertos.o
                0x08006878                hello_task_attributes
 .rodata.AHBPrescTable
                0x0800689c       0x10 ./Core/Src/system_stm32u3xx.o
                0x0800689c                AHBPrescTable
 .rodata.APBPrescTable
                0x080068ac        0x8 ./Core/Src/system_stm32u3xx.o
                0x080068ac                APBPrescTable
 .rodata.UARTPrescTable
                0x080068b4       0x18 ./Drivers/STM32U3xx_HAL_Driver/Src/stm32u3xx_hal_uart.o
                0x080068b4                UARTPrescTable
 .rodata.uxTopUsedPriority
                0x080068cc        0x4 ./Middlewares/Third_Party/FreeRTOS/Source/tasks.o
                0x080068d0                        . = ALIGN (0x4)

.ARM.extab      0x080068d0        0x0
                0x080068d0                        . = ALIGN (0x4)
 *(.ARM.extab* .gnu.linkonce.armextab.*)
                0x080068d0                        . = ALIGN (0x4)

.ARM            0x080068d0        0x8
                0x080068d0                        . = ALIGN (0x4)
                0x080068d0                        __exidx_start = .
 *(.ARM.exidx*)
 .ARM.exidx     0x080068d0        0x8 C:/ST/STM32CubeIDE_2.0.0/STM32CubeIDE/plugins/com.st.stm32cube.ide.mcu.externaltools.gnu-tools-for-stm32.13.3.rel1.win32_1.0.100.202509120712/tools/bin/../lib/gcc/arm-none-eabi/13.3.1/thumb/v8-m.main+fp/hard\libgcc.a(_udivmoddi4.o)
                0x080068d8                        __exidx_end = .
                0x080068d8                        . = ALIGN (0x4)

.preinit_array  0x080068d8        0x0
                0x080068d8                        . = ALIGN (0x4)
                0x080068d8                        PROVIDE (__preinit_array_start = .)
 *(.preinit_array*)
                0x080068d8                        PROVIDE (__preinit_array_end = .)
                0x080068d8                        . = ALIGN (0x4)

.init_array     0x080068d8        0x4
                0x080068d8                        . = ALIGN (0x4)
                0x080068d8                        PROVIDE (__init_array_start = .)
 *(SORT_BY_NAME(.init_array.*))
 *(.init_array*)
 .init_array    0x080068d8        0x4 C:/ST/STM32CubeIDE_2.0.0/STM32CubeIDE/plugins/com.st.stm32cube.ide.mcu.externaltools.gnu-tools-for-stm32.13.3.rel1.win32_1.0.100.202509120712/tools/bin/../lib/gcc/arm-none-eabi/13.3.1/thumb/v8-m.main+fp/hard/crtbegin.o
                0x080068dc                        PROVIDE (__init_array_end = .)
                0x080068dc                        . = ALIGN (0x4)

.fini_array     0x080068dc        0x4
                0x080068dc                        . = ALIGN (0x4)
                [!provide]                        PROVIDE (__fini_array_start = .)
 *(SORT_BY_NAME(.fini_array.*))
 *(.fini_array*)
 .fini_array    0x080068dc        0x4 C:/ST/STM32CubeIDE_2.0.0/STM32CubeIDE/plugins/com.st.stm32cube.ide.mcu.externaltools.gnu-tools-for-stm32.13.3.rel1.win32_1.0.100.202509120712/tools/bin/../lib/gcc/arm-none-eabi/13.3.1/thumb/v8-m.main+fp/hard/crtbegin.o
                [!provide]                        PROVIDE (__fini_array_end = .)
                0x080068e0                        . = ALIGN (0x4)
                0x080068e0                        _sidata = LOADADDR (.data)

.rel.dyn        0x080068e0        0x0
 .rel.iplt      0x080068e0        0x0 C:/ST/STM32CubeIDE_2.0.0/STM32CubeIDE/plugins/com.st.stm32cube.ide.mcu.externaltools.gnu-tools-for-stm32.13.3.rel1.win32_1.0.100.202509120712/tools/bin/../lib/gcc/arm-none-eabi/13.3.1/thumb/v8-m.main+fp/hard/crtbegin.o

.data           0x20000000       0x70 load address 0x080068e0
                0x20000000                        . = ALIGN (0x4)
                0x20000000                        _sdata = .
 *(.data)
 *(.data*)
 .data.SystemCoreClock
                0x20000000        0x4 ./Core/Src/system_stm32u3xx.o
                0x20000000                SystemCoreClock
 .data.COM_USART
                0x20000004        0x4 ./Drivers/BSP/STM32U3xx_Nucleo/stm32u3xx_nucleo.o
                0x20000004                COM_USART
 .data.uwTickPrio
                0x20000008        0x4 ./Drivers/STM32U3xx_HAL_Driver/Src/stm32u3xx_hal.o
                0x20000008                uwTickPrio
 .data.uwTickFreq
                0x2000000c        0x1 ./Drivers/STM32U3xx_HAL_Driver/Src/stm32u3xx_hal.o
                0x2000000c                uwTickFreq
 *fill*         0x2000000d        0x3 
 .data.ulCriticalNesting
                0x20000010        0x4 ./Middlewares/Third_Party/FreeRTOS/Source/portable/GCC/ARM_CM33_NTZ/non_secure/port.o
 .data.__sglue  0x20000014        0xc C:/ST/STM32CubeIDE_2.0.0/STM32CubeIDE/plugins/com.st.stm32cube.ide.mcu.externaltools.gnu-tools-for-stm32.13.3.rel1.win32_1.0.100.202509120712/tools/bin/../lib/gcc/arm-none-eabi/13.3.1/../../../../arm-none-eabi/lib/thumb/v8-m.main+fp/hard\libc_nano.a(libc_a-findfp.o)
                0x20000014                __sglue
 .data._impure_ptr
                0x20000020        0x4 C:/ST/STM32CubeIDE_2.0.0/STM32CubeIDE/plugins/com.st.stm32cube.ide.mcu.externaltools.gnu-tools-for-stm32.13.3.rel1.win32_1.0.100.202509120712/tools/bin/../lib/gcc/arm-none-eabi/13.3.1/../../../../arm-none-eabi/lib/thumb/v8-m.main+fp/hard\libc_nano.a(libc_a-impure.o)
                0x20000020                _impure_ptr
 .data._impure_data
                0x20000024       0x4c C:/ST/STM32CubeIDE_2.0.0/STM32CubeIDE/plugins/com.st.stm32cube.ide.mcu.externaltools.gnu-tools-for-stm32.13.3.rel1.win32_1.0.100.202509120712/tools/bin/../lib/gcc/arm-none-eabi/13.3.1/../../../../arm-none-eabi/lib/thumb/v8-m.main+fp/hard\libc_nano.a(libc_a-impure.o)
                0x20000024                _impure_data
 *(.RamFunc)
 *(.RamFunc*)
                0x20000070                        . = ALIGN (0x4)
                0x20000070                        _edata = .

.igot.plt       0x20000070        0x0 load address 0x08006950
 .igot.plt      0x20000070        0x0 C:/ST/STM32CubeIDE_2.0.0/STM32CubeIDE/plugins/com.st.stm32cube.ide.mcu.externaltools.gnu-tools-for-stm32.13.3.rel1.win32_1.0.100.202509120712/tools/bin/../lib/gcc/arm-none-eabi/13.3.1/thumb/v8-m.main+fp/hard/crtbegin.o
                0x20000070                        . = ALIGN (0x4)

.bss            0x20000070     0x2da4 load address 0x08006950
                0x20000070                        _sbss = .
                0x20000070                        __bss_start__ = _sbss
 *(.bss)
 .bss           0x20000070       0x1c C:/ST/STM32CubeIDE_2.0.0/STM32CubeIDE/plugins/com.st.stm32cube.ide.mcu.externaltools.gnu-tools-for-stm32.13.3.rel1.win32_1.0.100.202509120712/tools/bin/../lib/gcc/arm-none-eabi/13.3.1/thumb/v8-m.main+fp/hard/crtbegin.o
 *(.bss*)
 .bss.blink_taskHandle
                0x2000008c        0x4 ./Core/Src/app_freertos.o
                0x2000008c                blink_taskHandle
 .bss.hello_taskHandle
                0x20000090        0x4 ./Core/Src/app_freertos.o
                0x20000090                hello_taskHandle
 .bss.BspCOMInit
                0x20000094       0x10 ./Core/Src/main.o
                0x20000094                BspCOMInit
 .bss.htim7     0x200000a4       0x4c ./Core/Src/stm32u3xx_hal_timebase_tim.o
                0x200000a4                htim7
 .bss.__sbrk_heap_end
                0x200000f0        0x4 ./Core/Src/sysmem.o
 .bss.hcom_uart
                0x200000f4       0x94 ./Drivers/BSP/STM32U3xx_Nucleo/stm32u3xx_nucleo.o
                0x200000f4                hcom_uart
 .bss.COM_ActiveLogPort
                0x20000188        0x1 ./Drivers/BSP/STM32U3xx_Nucleo/stm32u3xx_nucleo.o
 *fill*         0x20000189        0x3 
 .bss.uwTick    0x2000018c        0x4 ./Drivers/STM32U3xx_HAL_Driver/Src/stm32u3xx_hal.o
                0x2000018c                uwTick
 .bss.KernelState
                0x20000190        0x4 ./Middlewares/Third_Party/FreeRTOS/Source/CMSIS_RTOS_V2/cmsis_os2.o
 .bss.xQueueRegistry
                0x20000194       0x40 ./Middlewares/Third_Party/FreeRTOS/Source/queue.o
                0x20000194                xQueueRegistry
 .bss.pxCurrentTCB
                0x200001d4        0x4 ./Middlewares/Third_Party/FreeRTOS/Source/tasks.o
                0x200001d4                pxCurrentTCB
 .bss.pxReadyTasksLists
                0x200001d8      0x460 ./Middlewares/Third_Party/FreeRTOS/Source/tasks.o
 .bss.xDelayedTaskList1
                0x20000638       0x14 ./Middlewares/Third_Party/FreeRTOS/Source/tasks.o
 .bss.xDelayedTaskList2
                0x2000064c       0x14 ./Middlewares/Third_Party/FreeRTOS/Source/tasks.o
 .bss.pxDelayedTaskList
                0x20000660        0x4 ./Middlewares/Third_Party/FreeRTOS/Source/tasks.o
 .bss.pxOverflowDelayedTaskList
                0x20000664        0x4 ./Middlewares/Third_Party/FreeRTOS/Source/tasks.o
 .bss.xPendingReadyList
                0x20000668       0x14 ./Middlewares/Third_Party/FreeRTOS/Source/tasks.o
 .bss.xTasksWaitingTermination
                0x2000067c       0x14 ./Middlewares/Third_Party/FreeRTOS/Source/tasks.o
 .bss.uxDeletedTasksWaitingCleanUp
                0x20000690        0x4 ./Middlewares/Third_Party/FreeRTOS/Source/tasks.o
 .bss.xSuspendedTaskList
                0x20000694       0x14 ./Middlewares/Third_Party/FreeRTOS/Source/tasks.o
 .bss.uxCurrentNumberOfTasks
                0x200006a8        0x4 ./Middlewares/Third_Party/FreeRTOS/Source/tasks.o
 .bss.xTickCount
                0x200006ac        0x4 ./Middlewares/Third_Party/FreeRTOS/Source/tasks.o
 .bss.uxTopReadyPriority
                0x200006b0        0x4 ./Middlewares/Third_Party/FreeRTOS/Source/tasks.o
 .bss.xSchedulerRunning
                0x200006b4        0x4 ./Middlewares/Third_Party/FreeRTOS/Source/tasks.o
 .bss.xPendedTicks
                0x200006b8        0x4 ./Middlewares/Third_Party/FreeRTOS/Source/tasks.o
 .bss.xYieldPendings
                0x200006bc        0x4 ./Middlewares/Third_Party/FreeRTOS/Source/tasks.o
 .bss.xNumOfOverflows
                0x200006c0        0x4 ./Middlewares/Third_Party/FreeRTOS/Source/tasks.o
 .bss.uxTaskNumber
                0x200006c4        0x4 ./Middlewares/Third_Party/FreeRTOS/Source/tasks.o
 .bss.xNextTaskUnblockTime
                0x200006c8        0x4 ./Middlewares/Third_Party/FreeRTOS/Source/tasks.o
 .bss.xIdleTaskHandles
                0x200006cc        0x4 ./Middlewares/Third_Party/FreeRTOS/Source/tasks.o
 .bss.uxSchedulerSuspended
                0x200006d0        0x4 ./Middlewares/Third_Party/FreeRTOS/Source/tasks.o
 .bss.xIdleTaskTCB.3
                0x200006d4       0x5c ./Middlewares/Third_Party/FreeRTOS/Source/tasks.o
 .bss.uxIdleTaskStack.2
                0x20000730      0x200 ./Middlewares/Third_Party/FreeRTOS/Source/tasks.o
 .bss.xTimerTaskTCB.1
                0x20000930       0x5c ./Middlewares/Third_Party/FreeRTOS/Source/tasks.o
 .bss.uxTimerTaskStack.0
                0x2000098c      0x200 ./Middlewares/Third_Party/FreeRTOS/Source/tasks.o
 .bss.xActiveTimerList1
                0x20000b8c       0x14 ./Middlewares/Third_Party/FreeRTOS/Source/timers.o
 .bss.xActiveTimerList2
                0x20000ba0       0x14 ./Middlewares/Third_Party/FreeRTOS/Source/timers.o
 .bss.pxCurrentTimerList
                0x20000bb4        0x4 ./Middlewares/Third_Party/FreeRTOS/Source/timers.o
 .bss.pxOverflowTimerList
                0x20000bb8        0x4 ./Middlewares/Third_Party/FreeRTOS/Source/timers.o
 .bss.xTimerQueue
                0x20000bbc        0x4 ./Middlewares/Third_Party/FreeRTOS/Source/timers.o
 .bss.xTimerTaskHandle
                0x20000bc0        0x4 ./Middlewares/Third_Party/FreeRTOS/Source/timers.o
 .bss.xLastTime.2
                0x20000bc4        0x4 ./Middlewares/Third_Party/FreeRTOS/Source/timers.o
 .bss.ucStaticTimerQueueStorage.1
                0x20000bc8       0xa0 ./Middlewares/Third_Party/FreeRTOS/Source/timers.o
 .bss.xStaticTimerQueue.0
                0x20000c68       0x50 ./Middlewares/Third_Party/FreeRTOS/Source/timers.o
 .bss.ucMaxSysCallPriority
                0x20000cb8        0x1 ./Middlewares/Third_Party/FreeRTOS/Source/portable/GCC/ARM_CM33_NTZ/non_secure/port.o
 *fill*         0x20000cb9        0x3 
 .bss.ulMaxPRIGROUPValue
                0x20000cbc        0x4 ./Middlewares/Third_Party/FreeRTOS/Source/portable/GCC/ARM_CM33_NTZ/non_secure/port.o
 .bss.ucHeap    0x20000cc0     0x2000 ./Middlewares/Third_Party/FreeRTOS/Source/portable/MemMang/heap_1.o
 .bss.xNextFreeByte
                0x20002cc0        0x4 ./Middlewares/Third_Party/FreeRTOS/Source/portable/MemMang/heap_1.o
 .bss.pucAlignedHeap.0
                0x20002cc4        0x4 ./Middlewares/Third_Party/FreeRTOS/Source/portable/MemMang/heap_1.o
 .bss.__sf      0x20002cc8      0x138 C:/ST/STM32CubeIDE_2.0.0/STM32CubeIDE/plugins/com.st.stm32cube.ide.mcu.externaltools.gnu-tools-for-stm32.13.3.rel1.win32_1.0.100.202509120712/tools/bin/../lib/gcc/arm-none-eabi/13.3.1/../../../../arm-none-eabi/lib/thumb/v8-m.main+fp/hard\libc_nano.a(libc_a-findfp.o)
                0x20002cc8                __sf
 .bss.__stdio_exit_handler
                0x20002e00        0x4 C:/ST/STM32CubeIDE_2.0.0/STM32CubeIDE/plugins/com.st.stm32cube.ide.mcu.externaltools.gnu-tools-for-stm32.13.3.rel1.win32_1.0.100.202509120712/tools/bin/../lib/gcc/arm-none-eabi/13.3.1/../../../../arm-none-eabi/lib/thumb/v8-m.main+fp/hard\libc_nano.a(libc_a-findfp.o)
                0x20002e00                __stdio_exit_handler
 .bss.errno     0x20002e04        0x4 C:/ST/STM32CubeIDE_2.0.0/STM32CubeIDE/plugins/com.st.stm32cube.ide.mcu.externaltools.gnu-tools-for-stm32.13.3.rel1.win32_1.0.100.202509120712/tools/bin/../lib/gcc/arm-none-eabi/13.3.1/../../../../arm-none-eabi/lib/thumb/v8-m.main+fp/hard\libc_nano.a(libc_a-reent.o)
                0x20002e04                errno
 .bss.__lock___malloc_recursive_mutex
                0x20002e08        0x1 C:/ST/STM32CubeIDE_2.0.0/STM32CubeIDE/plugins/com.st.stm32cube.ide.mcu.externaltools.gnu-tools-for-stm32.13.3.rel1.win32_1.0.100.202509120712/tools/bin/../lib/gcc/arm-none-eabi/13.3.1/../../../../arm-none-eabi/lib/thumb/v8-m.main+fp/hard\libc_nano.a(libc_a-lock.o)
                0x20002e08                __lock___malloc_recursive_mutex
 .bss.__lock___sfp_recursive_mutex
                0x20002e09        0x1 C:/ST/STM32CubeIDE_2.0.0/STM32CubeIDE/plugins/com.st.stm32cube.ide.mcu.externaltools.gnu-tools-for-stm32.13.3.rel1.win32_1.0.100.202509120712/tools/bin/../lib/gcc/arm-none-eabi/13.3.1/../../../../arm-none-eabi/lib/thumb/v8-m.main+fp/hard\libc_nano.a(libc_a-lock.o)
                0x20002e09                __lock___sfp_recursive_mutex
 *fill*         0x20002e0a        0x2 
 .bss.__malloc_sbrk_start
                0x20002e0c        0x4 C:/ST/STM32CubeIDE_2.0.0/STM32CubeIDE/plugins/com.st.stm32cube.ide.mcu.externaltools.gnu-tools-for-stm32.13.3.rel1.win32_1.0.100.202509120712/tools/bin/../lib/gcc/arm-none-eabi/13.3.1/../../../../arm-none-eabi/lib/thumb/v8-m.main+fp/hard\libc_nano.a(libc_a-mallocr.o)
                0x20002e0c                __malloc_sbrk_start
 .bss.__malloc_free_list
                0x20002e10        0x4 C:/ST/STM32CubeIDE_2.0.0/STM32CubeIDE/plugins/com.st.stm32cube.ide.mcu.externaltools.gnu-tools-for-stm32.13.3.rel1.win32_1.0.100.202509120712/tools/bin/../lib/gcc/arm-none-eabi/13.3.1/../../../../arm-none-eabi/lib/thumb/v8-m.main+fp/hard\libc_nano.a(libc_a-mallocr.o)
                0x20002e10                __malloc_free_list
 *(COMMON)
                0x20002e14                        . = ALIGN (0x4)
                0x20002e14                        _ebss = .
                0x20002e14                        __bss_end__ = _ebss

._user_heap_stack
                0x20002e14      0x604 load address 0x08006950
                0x20002e18                        . = ALIGN (0x8)
 *fill*         0x20002e14        0x4 
                [!provide]                        PROVIDE (end = .)
                0x20002e18                        PROVIDE (_end = .)
                0x20003018                        . = (. + _Min_Heap_Size)
 *fill*         0x20002e18      0x200 
                0x20003418                        . = (. + _Min_Stack_Size)
 *fill*         0x20003018      0x400 
                0x20003418                        . = ALIGN (0x8)

/DISCARD/
 libc.a(*)
 libm.a(*)
 libgcc.a(*)

.ARM.attributes
                0x00000000       0x36
 *(.ARM.attributes)
 .ARM.attributes
                0x00000000       0x26 C:/ST/STM32CubeIDE_2.0.0/STM32CubeIDE/plugins/com.st.stm32cube.ide.mcu.externaltools.gnu-tools-for-stm32.13.3.rel1.win32_1.0.100.202509120712/tools/bin/../lib/gcc/arm-none-eabi/13.3.1/thumb/v8-m.main+fp/hard/crti.o
 .ARM.attributes
                0x00000026       0x38 C:/ST/STM32CubeIDE_2.0.0/STM32CubeIDE/plugins/com.st.stm32cube.ide.mcu.externaltools.gnu-tools-for-stm32.13.3.rel1.win32_1.0.100.202509120712/tools/bin/../lib/gcc/arm-none-eabi/13.3.1/thumb/v8-m.main+fp/hard/crtbegin.o
 .ARM.attributes
                0x0000005e       0x3a ./Core/Src/app_freertos.o
 .ARM.attributes
                0x00000098       0x3a ./Core/Src/main.o
 .ARM.attributes
                0x000000d2       0x3a ./Core/Src/stm32u3xx_hal_msp.o
 .ARM.attributes
                0x0000010c       0x3a ./Core/Src/stm32u3xx_hal_timebase_tim.o
 .ARM.attributes
                0x00000146       0x3a ./Core/Src/stm32u3xx_it.o
 .ARM.attributes
                0x00000180       0x3a ./Core/Src/syscalls.o
 .ARM.attributes
                0x000001ba       0x3a ./Core/Src/sysmem.o
 .ARM.attributes
                0x000001f4       0x3a ./Core/Src/system_stm32u3xx.o
 .ARM.attributes
                0x0000022e       0x24 ./Core/Startup/startup_stm32u385rgtxq.o
 .ARM.attributes
                0x00000252       0x3a ./Drivers/BSP/STM32U3xx_Nucleo/stm32u3xx_nucleo.o
 .ARM.attributes
                0x0000028c       0x3a ./Drivers/STM32U3xx_HAL_Driver/Src/stm32u3xx_hal.o
 .ARM.attributes
                0x000002c6       0x3a ./Drivers/STM32U3xx_HAL_Driver/Src/stm32u3xx_hal_cortex.o
 .ARM.attributes
                0x00000300       0x3a ./Drivers/STM32U3xx_HAL_Driver/Src/stm32u3xx_hal_gpio.o
 .ARM.attributes
                0x0000033a       0x3a ./Drivers/STM32U3xx_HAL_Driver/Src/stm32u3xx_hal_pwr_ex.o
 .ARM.attributes
                0x00000374       0x3a ./Drivers/STM32U3xx_HAL_Driver/Src/stm32u3xx_hal_rcc.o
 .ARM.attributes
                0x000003ae       0x3a ./Drivers/STM32U3xx_HAL_Driver/Src/stm32u3xx_hal_rcc_ex.o
 .ARM.attributes
                0x000003e8       0x3a ./Drivers/STM32U3xx_HAL_Driver/Src/stm32u3xx_hal_tim.o
 .ARM.attributes
                0x00000422       0x3a ./Drivers/STM32U3xx_HAL_Driver/Src/stm32u3xx_hal_tim_ex.o
 .ARM.attributes
                0x0000045c       0x3a ./Drivers/STM32U3xx_HAL_Driver/Src/stm32u3xx_hal_uart.o
 .ARM.attributes
                0x00000496       0x3a ./Middlewares/Third_Party/FreeRTOS/Source/CMSIS_RTOS_V2/cmsis_os2.o
 .ARM.attributes
                0x000004d0       0x3a ./Middlewares/Third_Party/FreeRTOS/Source/list.o
 .ARM.attributes
                0x0000050a       0x3a ./Middlewares/Third_Party/FreeRTOS/Source/queue.o
 .ARM.attributes
                0x00000544       0x3a ./Middlewares/Third_Party/FreeRTOS/Source/tasks.o
 .ARM.attributes
                0x0000057e       0x3a ./Middlewares/Third_Party/FreeRTOS/Source/timers.o
 .ARM.attributes
                0x000005b8       0x3a ./Middlewares/Third_Party/FreeRTOS/Source/portable/GCC/ARM_CM33_NTZ/non_secure/port.o
 .ARM.attributes
                0x000005f2       0x3a ./Middlewares/Third_Party/FreeRTOS/Source/portable/GCC/ARM_CM33_NTZ/non_secure/portasm.o
 .ARM.attributes
                0x0000062c       0x3a ./Middlewares/Third_Party/FreeRTOS/Source/portable/MemMang/heap_1.o
 .ARM.attributes
                0x00000666       0x38 C:/ST/STM32CubeIDE_2.0.0/STM32CubeIDE/plugins/com.st.stm32cube.ide.mcu.externaltools.gnu-tools-for-stm32.13.3.rel1.win32_1.0.100.202509120712/tools/bin/../lib/gcc/arm-none-eabi/13.3.1/../../../../arm-none-eabi/lib/thumb/v8-m.main+fp/hard\libc_nano.a(libc_a-findfp.o)
 .ARM.attributes
                0x0000069e       0x38 C:/ST/STM32CubeIDE_2.0.0/STM32CubeIDE/plugins/com.st.stm32cube.ide.mcu.externaltools.gnu-tools-for-stm32.13.3.rel1.win32_1.0.100.202509120712/tools/bin/../lib/gcc/arm-none-eabi/13.3.1/../../../../arm-none-eabi/lib/thumb/v8-m.main+fp/hard\libc_nano.a(libc_a-fwalk.o)
 .ARM.attributes
                0x000006d6       0x38 C:/ST/STM32CubeIDE_2.0.0/STM32CubeIDE/plugins/com.st.stm32cube.ide.mcu.externaltools.gnu-tools-for-stm32.13.3.rel1.win32_1.0.100.202509120712/tools/bin/../lib/gcc/arm-none-eabi/13.3.1/../../../../arm-none-eabi/lib/thumb/v8-m.main+fp/hard\libc_nano.a(libc_a-puts.o)
 .ARM.attributes
                0x0000070e       0x38 C:/ST/STM32CubeIDE_2.0.0/STM32CubeIDE/plugins/com.st.stm32cube.ide.mcu.externaltools.gnu-tools-for-stm32.13.3.rel1.win32_1.0.100.202509120712/tools/bin/../lib/gcc/arm-none-eabi/13.3.1/../../../../arm-none-eabi/lib/thumb/v8-m.main+fp/hard\libc_nano.a(libc_a-stdio.o)
 .ARM.attributes
                0x00000746       0x38 C:/ST/STM32CubeIDE_2.0.0/STM32CubeIDE/plugins/com.st.stm32cube.ide.mcu.externaltools.gnu-tools-for-stm32.13.3.rel1.win32_1.0.100.202509120712/tools/bin/../lib/gcc/arm-none-eabi/13.3.1/../../../../arm-none-eabi/lib/thumb/v8-m.main+fp/hard\libc_nano.a(libc_a-wbuf.o)
 .ARM.attributes
                0x0000077e       0x38 C:/ST/STM32CubeIDE_2.0.0/STM32CubeIDE/plugins/com.st.stm32cube.ide.mcu.externaltools.gnu-tools-for-stm32.13.3.rel1.win32_1.0.100.202509120712/tools/bin/../lib/gcc/arm-none-eabi/13.3.1/../../../../arm-none-eabi/lib/thumb/v8-m.main+fp/hard\libc_nano.a(libc_a-wsetup.o)
 .ARM.attributes
                0x000007b6       0x38 C:/ST/STM32CubeIDE_2.0.0/STM32CubeIDE/plugins/com.st.stm32cube.ide.mcu.externaltools.gnu-tools-for-stm32.13.3.rel1.win32_1.0.100.202509120712/tools/bin/../lib/gcc/arm-none-eabi/13.3.1/../../../../arm-none-eabi/lib/thumb/v8-m.main+fp/hard\libc_nano.a(libc_a-memset.o)
 .ARM.attributes
                0x000007ee       0x38 C:/ST/STM32CubeIDE_2.0.0/STM32CubeIDE/plugins/com.st.stm32cube.ide.mcu.externaltools.gnu-tools-for-stm32.13.3.rel1.win32_1.0.100.202509120712/tools/bin/../lib/gcc/arm-none-eabi/13.3.1/../../../../arm-none-eabi/lib/thumb/v8-m.main+fp/hard\libc_nano.a(libc_a-closer.o)
 .ARM.attributes
                0x00000826       0x38 C:/ST/STM32CubeIDE_2.0.0/STM32CubeIDE/plugins/com.st.stm32cube.ide.mcu.externaltools.gnu-tools-for-stm32.13.3.rel1.win32_1.0.100.202509120712/tools/bin/../lib/gcc/arm-none-eabi/13.3.1/../../../../arm-none-eabi/lib/thumb/v8-m.main+fp/hard\libc_nano.a(libc_a-reent.o)
 .ARM.attributes
                0x0000085e       0x38 C:/ST/STM32CubeIDE_2.0.0/STM32CubeIDE/plugins/com.st.stm32cube.ide.mcu.externaltools.gnu-tools-for-stm32.13.3.rel1.win32_1.0.100.202509120712/tools/bin/../lib/gcc/arm-none-eabi/13.3.1/../../../../arm-none-eabi/lib/thumb/v8-m.main+fp/hard\libc_nano.a(libc_a-impure.o)
 .ARM.attributes
                0x00000896       0x38 C:/ST/STM32CubeIDE_2.0.0/STM32CubeIDE/plugins/com.st.stm32cube.ide.mcu.externaltools.gnu-tools-for-stm32.13.3.rel1.win32_1.0.100.202509120712/tools/bin/../lib/gcc/arm-none-eabi/13.3.1/../../../../arm-none-eabi/lib/thumb/v8-m.main+fp/hard\libc_nano.a(libc_a-lseekr.o)
 .ARM.attributes
                0x000008ce       0x38 C:/ST/STM32CubeIDE_2.0.0/STM32CubeIDE/plugins/com.st.stm32cube.ide.mcu.externaltools.gnu-tools-for-stm32.13.3.rel1.win32_1.0.100.202509120712/tools/bin/../lib/gcc/arm-none-eabi/13.3.1/../../../../arm-none-eabi/lib/thumb/v8-m.main+fp/hard\libc_nano.a(libc_a-readr.o)
 .ARM.attributes
                0x00000906       0x38 C:/ST/STM32CubeIDE_2.0.0/STM32CubeIDE/plugins/com.st.stm32cube.ide.mcu.externaltools.gnu-tools-for-stm32.13.3.rel1.win32_1.0.100.202509120712/tools/bin/../lib/gcc/arm-none-eabi/13.3.1/../../../../arm-none-eabi/lib/thumb/v8-m.main+fp/hard\libc_nano.a(libc_a-writer.o)
 .ARM.attributes
                0x0000093e       0x38 C:/ST/STM32CubeIDE_2.0.0/STM32CubeIDE/plugins/com.st.stm32cube.ide.mcu.externaltools.gnu-tools-for-stm32.13.3.rel1.win32_1.0.100.202509120712/tools/bin/../lib/gcc/arm-none-eabi/13.3.1/../../../../arm-none-eabi/lib/thumb/v8-m.main+fp/hard\libc_nano.a(libc_a-errno.o)
 .ARM.attributes
                0x00000976       0x38 C:/ST/STM32CubeIDE_2.0.0/STM32CubeIDE/plugins/com.st.stm32cube.ide.mcu.externaltools.gnu-tools-for-stm32.13.3.rel1.win32_1.0.100.202509120712/tools/bin/../lib/gcc/arm-none-eabi/13.3.1/../../../../arm-none-eabi/lib/thumb/v8-m.main+fp/hard\libc_nano.a(libc_a-init.o)
 .ARM.attributes
                0x000009ae       0x38 C:/ST/STM32CubeIDE_2.0.0/STM32CubeIDE/plugins/com.st.stm32cube.ide.mcu.externaltools.gnu-tools-for-stm32.13.3.rel1.win32_1.0.100.202509120712/tools/bin/../lib/gcc/arm-none-eabi/13.3.1/../../../../arm-none-eabi/lib/thumb/v8-m.main+fp/hard\libc_nano.a(libc_a-lock.o)
 .ARM.attributes
                0x000009e6       0x38 C:/ST/STM32CubeIDE_2.0.0/STM32CubeIDE/plugins/com.st.stm32cube.ide.mcu.externaltools.gnu-tools-for-stm32.13.3.rel1.win32_1.0.100.202509120712/tools/bin/../lib/gcc/arm-none-eabi/13.3.1/../../../../arm-none-eabi/lib/thumb/v8-m.main+fp/hard\libc_nano.a(libc_a-memcpy-stub.o)
 .ARM.attributes
                0x00000a1e       0x38 C:/ST/STM32CubeIDE_2.0.0/STM32CubeIDE/plugins/com.st.stm32cube.ide.mcu.externaltools.gnu-tools-for-stm32.13.3.rel1.win32_1.0.100.202509120712/tools/bin/../lib/gcc/arm-none-eabi/13.3.1/../../../../arm-none-eabi/lib/thumb/v8-m.main+fp/hard\libc_nano.a(libc_a-freer.o)
 .ARM.attributes
                0x00000a56       0x38 C:/ST/STM32CubeIDE_2.0.0/STM32CubeIDE/plugins/com.st.stm32cube.ide.mcu.externaltools.gnu-tools-for-stm32.13.3.rel1.win32_1.0.100.202509120712/tools/bin/../lib/gcc/arm-none-eabi/13.3.1/../../../../arm-none-eabi/lib/thumb/v8-m.main+fp/hard\libc_nano.a(libc_a-mallocr.o)
 .ARM.attributes
                0x00000a8e       0x38 C:/ST/STM32CubeIDE_2.0.0/STM32CubeIDE/plugins/com.st.stm32cube.ide.mcu.externaltools.gnu-tools-for-stm32.13.3.rel1.win32_1.0.100.202509120712/tools/bin/../lib/gcc/arm-none-eabi/13.3.1/../../../../arm-none-eabi/lib/thumb/v8-m.main+fp/hard\libc_nano.a(libc_a-mlock.o)
 .ARM.attributes
                0x00000ac6       0x38 C:/ST/STM32CubeIDE_2.0.0/STM32CubeIDE/plugins/com.st.stm32cube.ide.mcu.externaltools.gnu-tools-for-stm32.13.3.rel1.win32_1.0.100.202509120712/tools/bin/../lib/gcc/arm-none-eabi/13.3.1/../../../../arm-none-eabi/lib/thumb/v8-m.main+fp/hard\libc_nano.a(libc_a-fflush.o)
 .ARM.attributes
                0x00000afe       0x38 C:/ST/STM32CubeIDE_2.0.0/STM32CubeIDE/plugins/com.st.stm32cube.ide.mcu.externaltools.gnu-tools-for-stm32.13.3.rel1.win32_1.0.100.202509120712/tools/bin/../lib/gcc/arm-none-eabi/13.3.1/../../../../arm-none-eabi/lib/thumb/v8-m.main+fp/hard\libc_nano.a(libc_a-makebuf.o)
 .ARM.attributes
                0x00000b36       0x38 C:/ST/STM32CubeIDE_2.0.0/STM32CubeIDE/plugins/com.st.stm32cube.ide.mcu.externaltools.gnu-tools-for-stm32.13.3.rel1.win32_1.0.100.202509120712/tools/bin/../lib/gcc/arm-none-eabi/13.3.1/../../../../arm-none-eabi/lib/thumb/v8-m.main+fp/hard\libc_nano.a(libc_a-fstatr.o)
 .ARM.attributes
                0x00000b6e       0x38 C:/ST/STM32CubeIDE_2.0.0/STM32CubeIDE/plugins/com.st.stm32cube.ide.mcu.externaltools.gnu-tools-for-stm32.13.3.rel1.win32_1.0.100.202509120712/tools/bin/../lib/gcc/arm-none-eabi/13.3.1/../../../../arm-none-eabi/lib/thumb/v8-m.main+fp/hard\libc_nano.a(libc_a-isattyr.o)
 .ARM.attributes
                0x00000ba6       0x38 C:/ST/STM32CubeIDE_2.0.0/STM32CubeIDE/plugins/com.st.stm32cube.ide.mcu.externaltools.gnu-tools-for-stm32.13.3.rel1.win32_1.0.100.202509120712/tools/bin/../lib/gcc/arm-none-eabi/13.3.1/../../../../arm-none-eabi/lib/thumb/v8-m.main+fp/hard\libc_nano.a(libc_a-sbrkr.o)
 .ARM.attributes
                0x00000bde       0x26 C:/ST/STM32CubeIDE_2.0.0/STM32CubeIDE/plugins/com.st.stm32cube.ide.mcu.externaltools.gnu-tools-for-stm32.13.3.rel1.win32_1.0.100.202509120712/tools/bin/../lib/gcc/arm-none-eabi/13.3.1/thumb/v8-m.main+fp/hard\libgcc.a(_aeabi_uldivmod.o)
 .ARM.attributes
                0x00000c04       0x38 C:/ST/STM32CubeIDE_2.0.0/STM32CubeIDE/plugins/com.st.stm32cube.ide.mcu.externaltools.gnu-tools-for-stm32.13.3.rel1.win32_1.0.100.202509120712/tools/bin/../lib/gcc/arm-none-eabi/13.3.1/thumb/v8-m.main+fp/hard\libgcc.a(_udivmoddi4.o)
 .ARM.attributes
                0x00000c3c       0x26 C:/ST/STM32CubeIDE_2.0.0/STM32CubeIDE/plugins/com.st.stm32cube.ide.mcu.externaltools.gnu-tools-for-stm32.13.3.rel1.win32_1.0.100.202509120712/tools/bin/../lib/gcc/arm-none-eabi/13.3.1/thumb/v8-m.main+fp/hard\libgcc.a(_dvmd_tls.o)
 .ARM.attributes
                0x00000c62       0x26 C:/ST/STM32CubeIDE_2.0.0/STM32CubeIDE/plugins/com.st.stm32cube.ide.mcu.externaltools.gnu-tools-for-stm32.13.3.rel1.win32_1.0.100.202509120712/tools/bin/../lib/gcc/arm-none-eabi/13.3.1/thumb/v8-m.main+fp/hard/crtn.o
OUTPUT(hello_blink_stm32.elf elf32-littlearm)
LOAD linker stubs
LOAD C:/ST/STM32CubeIDE_2.0.0/STM32CubeIDE/plugins/com.st.stm32cube.ide.mcu.externaltools.gnu-tools-for-stm32.13.3.rel1.win32_1.0.100.202509120712/tools/bin/../lib/gcc/arm-none-eabi/13.3.1/../../../../arm-none-eabi/lib/thumb/v8-m.main+fp/hard\libc.a
LOAD C:/ST/STM32CubeIDE_2.0.0/STM32CubeIDE/plugins/com.st.stm32cube.ide.mcu.externaltools.gnu-tools-for-stm32.13.3.rel1.win32_1.0.100.202509120712/tools/bin/../lib/gcc/arm-none-eabi/13.3.1/../../../../arm-none-eabi/lib/thumb/v8-m.main+fp/hard\libm.a
LOAD C:/ST/STM32CubeIDE_2.0.0/STM32CubeIDE/plugins/com.st.stm32cube.ide.mcu.externaltools.gnu-tools-for-stm32.13.3.rel1.win32_1.0.100.202509120712/tools/bin/../lib/gcc/arm-none-eabi/13.3.1/thumb/v8-m.main+fp/hard\libgcc.a

.debug_info     0x00000000    0x1fb8f
 .debug_info    0x00000000      0x87c ./Core/Src/app_freertos.o
 .debug_info    0x0000087c     0x16b6 ./Core/Src/main.o
 .debug_info    0x00001f32      0x6ff ./Core/Src/stm32u3xx_hal_msp.o
 .debug_info    0x00002631     0x10e2 ./Core/Src/stm32u3xx_hal_timebase_tim.o
 .debug_info    0x00003713      0xd05 ./Core/Src/stm32u3xx_it.o
 .debug_info    0x00004418      0x6a3 ./Core/Src/syscalls.o
 .debug_info    0x00004abb      0x168 ./Core/Src/sysmem.o
 .debug_info    0x00004c23      0x8c4 ./Core/Src/system_stm32u3xx.o
 .debug_info    0x000054e7       0x30 ./Core/Startup/startup_stm32u385rgtxq.o
 .debug_info    0x00005517     0x1ab4 ./Drivers/BSP/STM32U3xx_Nucleo/stm32u3xx_nucleo.o
 .debug_info    0x00006fcb     0x140d ./Drivers/STM32U3xx_HAL_Driver/Src/stm32u3xx_hal.o
 .debug_info    0x000083d8     0x15a9 ./Drivers/STM32U3xx_HAL_Driver/Src/stm32u3xx_hal_cortex.o
 .debug_info    0x00009981      0x9d3 ./Drivers/STM32U3xx_HAL_Driver/Src/stm32u3xx_hal_gpio.o
 .debug_info    0x0000a354      0xec5 ./Drivers/STM32U3xx_HAL_Driver/Src/stm32u3xx_hal_pwr_ex.o
 .debug_info    0x0000b219     0x107a ./Drivers/STM32U3xx_HAL_Driver/Src/stm32u3xx_hal_rcc.o
 .debug_info    0x0000c293      0xee7 ./Drivers/STM32U3xx_HAL_Driver/Src/stm32u3xx_hal_rcc_ex.o
 .debug_info    0x0000d17a     0x3213 ./Drivers/STM32U3xx_HAL_Driver/Src/stm32u3xx_hal_tim.o
 .debug_info    0x0001038d     0x22bd ./Drivers/STM32U3xx_HAL_Driver/Src/stm32u3xx_hal_tim_ex.o
 .debug_info    0x0001264a     0x4968 ./Drivers/STM32U3xx_HAL_Driver/Src/stm32u3xx_hal_uart.o
 .debug_info    0x00016fb2     0x323b ./Middlewares/Third_Party/FreeRTOS/Source/CMSIS_RTOS_V2/cmsis_os2.o
 .debug_info    0x0001a1ed      0x2aa ./Middlewares/Third_Party/FreeRTOS/Source/list.o
 .debug_info    0x0001a497     0x16ac ./Middlewares/Third_Party/FreeRTOS/Source/queue.o
 .debug_info    0x0001bb43     0x256e ./Middlewares/Third_Party/FreeRTOS/Source/tasks.o
 .debug_info    0x0001e0b1     0x13c9 ./Middlewares/Third_Party/FreeRTOS/Source/timers.o
 .debug_info    0x0001f47a      0x3e8 ./Middlewares/Third_Party/FreeRTOS/Source/portable/GCC/ARM_CM33_NTZ/non_secure/port.o
 .debug_info    0x0001f862      0x151 ./Middlewares/Third_Party/FreeRTOS/Source/portable/GCC/ARM_CM33_NTZ/non_secure/portasm.o
 .debug_info    0x0001f9b3      0x1dc ./Middlewares/Third_Party/FreeRTOS/Source/portable/MemMang/heap_1.o

.debug_abbrev   0x00000000     0x3c67
 .debug_abbrev  0x00000000      0x20b ./Core/Src/app_freertos.o
 .debug_abbrev  0x0000020b      0x2c9 ./Core/Src/main.o
 .debug_abbrev  0x000004d4      0x137 ./Core/Src/stm32u3xx_hal_msp.o
 .debug_abbrev  0x0000060b      0x22b ./Core/Src/stm32u3xx_hal_timebase_tim.o
 .debug_abbrev  0x00000836      0x1c6 ./Core/Src/stm32u3xx_it.o
 .debug_abbrev  0x000009fc      0x1b6 ./Core/Src/syscalls.o
 .debug_abbrev  0x00000bb2       0xbc ./Core/Src/sysmem.o
 .debug_abbrev  0x00000c6e      0x142 ./Core/Src/system_stm32u3xx.o
 .debug_abbrev  0x00000db0       0x24 ./Core/Startup/startup_stm32u385rgtxq.o
 .debug_abbrev  0x00000dd4      0x34a ./Drivers/BSP/STM32U3xx_Nucleo/stm32u3xx_nucleo.o
 .debug_abbrev  0x0000111e      0x344 ./Drivers/STM32U3xx_HAL_Driver/Src/stm32u3xx_hal.o
 .debug_abbrev  0x00001462      0x312 ./Drivers/STM32U3xx_HAL_Driver/Src/stm32u3xx_hal_cortex.o
 .debug_abbrev  0x00001774      0x1fb ./Drivers/STM32U3xx_HAL_Driver/Src/stm32u3xx_hal_gpio.o
 .debug_abbrev  0x0000196f      0x20f ./Drivers/STM32U3xx_HAL_Driver/Src/stm32u3xx_hal_pwr_ex.o
 .debug_abbrev  0x00001b7e      0x2c8 ./Drivers/STM32U3xx_HAL_Driver/Src/stm32u3xx_hal_rcc.o
 .debug_abbrev  0x00001e46      0x24a ./Drivers/STM32U3xx_HAL_Driver/Src/stm32u3xx_hal_rcc_ex.o
 .debug_abbrev  0x00002090      0x2d4 ./Drivers/STM32U3xx_HAL_Driver/Src/stm32u3xx_hal_tim.o
 .debug_abbrev  0x00002364      0x2cd ./Drivers/STM32U3xx_HAL_Driver/Src/stm32u3xx_hal_tim_ex.o
 .debug_abbrev  0x00002631      0x349 ./Drivers/STM32U3xx_HAL_Driver/Src/stm32u3xx_hal_uart.o
 .debug_abbrev  0x0000297a      0x4b0 ./Middlewares/Third_Party/FreeRTOS/Source/CMSIS_RTOS_V2/cmsis_os2.o
 .debug_abbrev  0x00002e2a       0xee ./Middlewares/Third_Party/FreeRTOS/Source/list.o
 .debug_abbrev  0x00002f18      0x324 ./Middlewares/Third_Party/FreeRTOS/Source/queue.o
 .debug_abbrev  0x0000323c      0x329 ./Middlewares/Third_Party/FreeRTOS/Source/tasks.o
 .debug_abbrev  0x00003565      0x33f ./Middlewares/Third_Party/FreeRTOS/Source/timers.o
 .debug_abbrev  0x000038a4      0x1c8 ./Middlewares/Third_Party/FreeRTOS/Source/portable/GCC/ARM_CM33_NTZ/non_secure/port.o
 .debug_abbrev  0x00003a6c       0xb8 ./Middlewares/Third_Party/FreeRTOS/Source/portable/GCC/ARM_CM33_NTZ/non_secure/portasm.o
 .debug_abbrev  0x00003b24      0x143 ./Middlewares/Third_Party/FreeRTOS/Source/portable/MemMang/heap_1.o

.debug_aranges  0x00000000     0x1a48
 .debug_aranges
                0x00000000       0x30 ./Core/Src/app_freertos.o
 .debug_aranges
                0x00000030       0x40 ./Core/Src/main.o
 .debug_aranges
                0x00000070       0x20 ./Core/Src/stm32u3xx_hal_msp.o
 .debug_aranges
                0x00000090       0x30 ./Core/Src/stm32u3xx_hal_timebase_tim.o
 .debug_aranges
                0x000000c0       0x50 ./Core/Src/stm32u3xx_it.o
 .debug_aranges
                0x00000110       0xa8 ./Core/Src/syscalls.o
 .debug_aranges
                0x000001b8       0x20 ./Core/Src/sysmem.o
 .debug_aranges
                0x000001d8       0x28 ./Core/Src/system_stm32u3xx.o
 .debug_aranges
                0x00000200       0x28 ./Core/Startup/startup_stm32u385rgtxq.o
 .debug_aranges
                0x00000228       0xc8 ./Drivers/BSP/STM32U3xx_Nucleo/stm32u3xx_nucleo.o
 .debug_aranges
                0x000002f0      0x168 ./Drivers/STM32U3xx_HAL_Driver/Src/stm32u3xx_hal.o
 .debug_aranges
                0x00000458      0x148 ./Drivers/STM32U3xx_HAL_Driver/Src/stm32u3xx_hal_cortex.o
 .debug_aranges
                0x000005a0       0x80 ./Drivers/STM32U3xx_HAL_Driver/Src/stm32u3xx_hal_gpio.o
 .debug_aranges
                0x00000620      0x138 ./Drivers/STM32U3xx_HAL_Driver/Src/stm32u3xx_hal_pwr_ex.o
 .debug_aranges
                0x00000758       0xb0 ./Drivers/STM32U3xx_HAL_Driver/Src/stm32u3xx_hal_rcc.o
 .debug_aranges
                0x00000808       0xe8 ./Drivers/STM32U3xx_HAL_Driver/Src/stm32u3xx_hal_rcc_ex.o
 .debug_aranges
                0x000008f0      0x3e8 ./Drivers/STM32U3xx_HAL_Driver/Src/stm32u3xx_hal_tim.o
 .debug_aranges
                0x00000cd8      0x250 ./Drivers/STM32U3xx_HAL_Driver/Src/stm32u3xx_hal_tim_ex.o
 .debug_aranges
                0x00000f28      0x248 ./Drivers/STM32U3xx_HAL_Driver/Src/stm32u3xx_hal_uart.o
 .debug_aranges
                0x00001170      0x298 ./Middlewares/Third_Party/FreeRTOS/Source/CMSIS_RTOS_V2/cmsis_os2.o
 .debug_aranges
                0x00001408       0x40 ./Middlewares/Third_Party/FreeRTOS/Source/list.o
 .debug_aranges
                0x00001448      0x170 ./Middlewares/Third_Party/FreeRTOS/Source/queue.o
 .debug_aranges
                0x000015b8      0x260 ./Middlewares/Third_Party/FreeRTOS/Source/tasks.o
 .debug_aranges